[ec2-user@ip-172-31-18-20 ~]$ ls
[ec2-user@ip-172-31-18-20 ~]$ pwd
/home/ec2-user
[ec2-user@ip-172-31-18-20 ~]$ sudo apt-get install tomcat9
sudo: apt-get: command not found
[ec2-user@ip-172-31-18-20 ~]$ sudo apt-get install tomcat-9
sudo: apt-get: command not found
[ec2-user@ip-172-31-18-20 ~]$ sudo apt-get install apache-tomcat-9.0.52
sudo: apt-get: command not found
[ec2-user@ip-172-31-18-20 ~]$ clear
[ec2-user@ip-172-31-18-20 ~]$
[ec2-user@ip-172-31-18-20 ~]$ ls
[ec2-user@ip-172-31-18-20 ~]$ pwd
/home/ec2-user
[ec2-user@ip-172-31-18-20 ~]$ sudo wget apache-tomcat-9.0.52
--2021-09-10 07:43:49--  http://apache-tomcat-9.0.52/
Resolving apache-tomcat-9.0.52 (apache-tomcat-9.0.52)... failed: Name or service not known.
wget: unable to resolve host address ‘apache-tomcat-9.0.52’
[ec2-user@ip-172-31-18-20 ~]$ ^C
[ec2-user@ip-172-31-18-20 ~]$ su- adminl
-bash: su-: command not found
[ec2-user@ip-172-31-18-20 ~]$ su - adminl
su: user adminl does not exist
[ec2-user@ip-172-31-18-20 ~]$ ls -ltr
total 0
[ec2-user@ip-172-31-18-20 ~]$ sudo su
[root@ip-172-31-18-20 ec2-user]# yum install java
Loaded plugins: extras_suggestions, langpacks, priorities, update-motd
amzn2-core                                                                                                        | 3.7 kB  00:00:00
Resolving Dependencies
--> Running transaction check
---> Package java-11-amazon-corretto.x86_64 1:11.0.12+7-1.amzn2 will be installed
--> Processing Dependency: java-11-amazon-corretto-headless(x86-64) = 1:11.0.12+7-1.amzn2 for package: 1:java-11-amazon-corretto-11.0.12+7-1.amzn2.x86_64
--> Processing Dependency: dejavu-sans-mono-fonts for package: 1:java-11-amazon-corretto-11.0.12+7-1.amzn2.x86_64
--> Processing Dependency: dejavu-serif-fonts for package: 1:java-11-amazon-corretto-11.0.12+7-1.amzn2.x86_64
--> Processing Dependency: dejavu-sans-fonts for package: 1:java-11-amazon-corretto-11.0.12+7-1.amzn2.x86_64
--> Processing Dependency: giflib for package: 1:java-11-amazon-corretto-11.0.12+7-1.amzn2.x86_64
--> Processing Dependency: alsa-lib for package: 1:java-11-amazon-corretto-11.0.12+7-1.amzn2.x86_64
--> Processing Dependency: libXtst for package: 1:java-11-amazon-corretto-11.0.12+7-1.amzn2.x86_64
--> Processing Dependency: libXrandr for package: 1:java-11-amazon-corretto-11.0.12+7-1.amzn2.x86_64
--> Processing Dependency: libXrender for package: 1:java-11-amazon-corretto-11.0.12+7-1.amzn2.x86_64
--> Processing Dependency: libXt for package: 1:java-11-amazon-corretto-11.0.12+7-1.amzn2.x86_64
--> Processing Dependency: libXinerama for package: 1:java-11-amazon-corretto-11.0.12+7-1.amzn2.x86_64
--> Processing Dependency: libXi for package: 1:java-11-amazon-corretto-11.0.12+7-1.amzn2.x86_64
--> Processing Dependency: libX11 for package: 1:java-11-amazon-corretto-11.0.12+7-1.amzn2.x86_64
--> Running transaction check
---> Package alsa-lib.x86_64 0:1.1.4.1-2.amzn2 will be installed
---> Package dejavu-sans-fonts.noarch 0:2.33-6.amzn2 will be installed
--> Processing Dependency: dejavu-fonts-common = 2.33-6.amzn2 for package: dejavu-sans-fonts-2.33-6.amzn2.noarch
---> Package dejavu-sans-mono-fonts.noarch 0:2.33-6.amzn2 will be installed
---> Package dejavu-serif-fonts.noarch 0:2.33-6.amzn2 will be installed
---> Package giflib.x86_64 0:4.1.6-9.amzn2.0.2 will be installed
--> Processing Dependency: libSM.so.6()(64bit) for package: giflib-4.1.6-9.amzn2.0.2.x86_64
--> Processing Dependency: libICE.so.6()(64bit) for package: giflib-4.1.6-9.amzn2.0.2.x86_64
---> Package java-11-amazon-corretto-headless.x86_64 1:11.0.12+7-1.amzn2 will be installed
--> Processing Dependency: fontconfig for package: 1:java-11-amazon-corretto-headless-11.0.12+7-1.amzn2.x86_64
--> Processing Dependency: jpackage-utils for package: 1:java-11-amazon-corretto-headless-11.0.12+7-1.amzn2.x86_64
---> Package libX11.x86_64 0:1.6.7-3.amzn2.0.2 will be installed
--> Processing Dependency: libX11-common >= 1.6.7-3.amzn2.0.2 for package: libX11-1.6.7-3.amzn2.0.2.x86_64
--> Processing Dependency: libxcb.so.1()(64bit) for package: libX11-1.6.7-3.amzn2.0.2.x86_64
---> Package libXi.x86_64 0:1.7.9-1.amzn2.0.2 will be installed
--> Processing Dependency: libXext.so.6()(64bit) for package: libXi-1.7.9-1.amzn2.0.2.x86_64
---> Package libXinerama.x86_64 0:1.1.3-2.1.amzn2.0.2 will be installed
---> Package libXrandr.x86_64 0:1.5.1-2.amzn2.0.3 will be installed
---> Package libXrender.x86_64 0:0.9.10-1.amzn2.0.2 will be installed
---> Package libXt.x86_64 0:1.1.5-3.amzn2.0.2 will be installed
---> Package libXtst.x86_64 0:1.2.3-1.amzn2.0.2 will be installed
--> Running transaction check
---> Package dejavu-fonts-common.noarch 0:2.33-6.amzn2 will be installed
--> Processing Dependency: fontpackages-filesystem for package: dejavu-fonts-common-2.33-6.amzn2.noarch
---> Package fontconfig.x86_64 0:2.13.0-4.3.amzn2 will be installed
---> Package javapackages-tools.noarch 0:3.4.1-11.amzn2 will be installed
--> Processing Dependency: python-javapackages = 3.4.1-11.amzn2 for package: javapackages-tools-3.4.1-11.amzn2.noarch
--> Processing Dependency: libxslt for package: javapackages-tools-3.4.1-11.amzn2.noarch
---> Package libICE.x86_64 0:1.0.9-9.amzn2.0.2 will be installed
---> Package libSM.x86_64 0:1.2.2-2.amzn2.0.2 will be installed
---> Package libX11-common.noarch 0:1.6.7-3.amzn2.0.2 will be installed
---> Package libXext.x86_64 0:1.3.3-3.amzn2.0.2 will be installed
---> Package libxcb.x86_64 0:1.12-1.amzn2.0.2 will be installed
--> Processing Dependency: libXau.so.6()(64bit) for package: libxcb-1.12-1.amzn2.0.2.x86_64
--> Running transaction check
---> Package fontpackages-filesystem.noarch 0:1.44-8.amzn2 will be installed
---> Package libXau.x86_64 0:1.0.8-2.1.amzn2.0.2 will be installed
---> Package libxslt.x86_64 0:1.1.28-6.amzn2 will be installed
---> Package python-javapackages.noarch 0:3.4.1-11.amzn2 will be installed
--> Processing Dependency: python-lxml for package: python-javapackages-3.4.1-11.amzn2.noarch
--> Running transaction check
---> Package python-lxml.x86_64 0:3.2.1-4.amzn2.0.3 will be installed
--> Finished Dependency Resolution

Dependencies Resolved

=========================================================================================================================================
 Package                                        Arch                 Version                              Repository                Size
=========================================================================================================================================
Installing:
 java-11-amazon-corretto                        x86_64               1:11.0.12+7-1.amzn2                  amzn2-core               189 k
Installing for dependencies:
 alsa-lib                                       x86_64               1.1.4.1-2.amzn2                      amzn2-core               425 k
 dejavu-fonts-common                            noarch               2.33-6.amzn2                         amzn2-core                64 k
 dejavu-sans-fonts                              noarch               2.33-6.amzn2                         amzn2-core               1.4 M
 dejavu-sans-mono-fonts                         noarch               2.33-6.amzn2                         amzn2-core               433 k
 dejavu-serif-fonts                             noarch               2.33-6.amzn2                         amzn2-core               777 k
 fontconfig                                     x86_64               2.13.0-4.3.amzn2                     amzn2-core               253 k
 fontpackages-filesystem                        noarch               1.44-8.amzn2                         amzn2-core                10 k
 giflib                                         x86_64               4.1.6-9.amzn2.0.2                    amzn2-core                40 k
 java-11-amazon-corretto-headless               x86_64               1:11.0.12+7-1.amzn2                  amzn2-core               164 M
 javapackages-tools                             noarch               3.4.1-11.amzn2                       amzn2-core                73 k
 libICE                                         x86_64               1.0.9-9.amzn2.0.2                    amzn2-core                67 k
 libSM                                          x86_64               1.2.2-2.amzn2.0.2                    amzn2-core                39 k
 libX11                                         x86_64               1.6.7-3.amzn2.0.2                    amzn2-core               606 k
 libX11-common                                  noarch               1.6.7-3.amzn2.0.2                    amzn2-core               165 k
 libXau                                         x86_64               1.0.8-2.1.amzn2.0.2                  amzn2-core                29 k
 libXext                                        x86_64               1.3.3-3.amzn2.0.2                    amzn2-core                39 k
 libXi                                          x86_64               1.7.9-1.amzn2.0.2                    amzn2-core                41 k
 libXinerama                                    x86_64               1.1.3-2.1.amzn2.0.2                  amzn2-core                14 k
 libXrandr                                      x86_64               1.5.1-2.amzn2.0.3                    amzn2-core                27 k
 libXrender                                     x86_64               0.9.10-1.amzn2.0.2                   amzn2-core                26 k
 libXt                                          x86_64               1.1.5-3.amzn2.0.2                    amzn2-core               177 k
 libXtst                                        x86_64               1.2.3-1.amzn2.0.2                    amzn2-core                20 k
 libxcb                                         x86_64               1.12-1.amzn2.0.2                     amzn2-core               216 k
 libxslt                                        x86_64               1.1.28-6.amzn2                       amzn2-core               240 k
 python-javapackages                            noarch               3.4.1-11.amzn2                       amzn2-core                31 k
 python-lxml                                    x86_64               3.2.1-4.amzn2.0.3                    amzn2-core               1.0 M

Transaction Summary
=========================================================================================================================================
Install  1 Package (+26 Dependent packages)

Total download size: 171 M
Installed size: 324 M
Is this ok [y/d/N]: y
Downloading packages:
(1/27): dejavu-fonts-common-2.33-6.amzn2.noarch.rpm                                                               |  64 kB  00:00:00
(2/27): alsa-lib-1.1.4.1-2.amzn2.x86_64.rpm                                                                       | 425 kB  00:00:00
(3/27): dejavu-sans-mono-fonts-2.33-6.amzn2.noarch.rpm                                                            | 433 kB  00:00:00
(4/27): dejavu-sans-fonts-2.33-6.amzn2.noarch.rpm                                                                 | 1.4 MB  00:00:00
(5/27): dejavu-serif-fonts-2.33-6.amzn2.noarch.rpm                                                                | 777 kB  00:00:00
(6/27): fontconfig-2.13.0-4.3.amzn2.x86_64.rpm                                                                    | 253 kB  00:00:00
(7/27): fontpackages-filesystem-1.44-8.amzn2.noarch.rpm                                                           |  10 kB  00:00:00
(8/27): giflib-4.1.6-9.amzn2.0.2.x86_64.rpm                                                                       |  40 kB  00:00:00
(9/27): java-11-amazon-corretto-11.0.12+7-1.amzn2.x86_64.rpm                                                      | 189 kB  00:00:00
(10/27): javapackages-tools-3.4.1-11.amzn2.noarch.rpm                                                             |  73 kB  00:00:00
(11/27): libICE-1.0.9-9.amzn2.0.2.x86_64.rpm                                                                      |  67 kB  00:00:00
(12/27): libSM-1.2.2-2.amzn2.0.2.x86_64.rpm                                                                       |  39 kB  00:00:00
(13/27): libX11-1.6.7-3.amzn2.0.2.x86_64.rpm                                                                      | 606 kB  00:00:00
(14/27): libX11-common-1.6.7-3.amzn2.0.2.noarch.rpm                                                               | 165 kB  00:00:00
(15/27): libXau-1.0.8-2.1.amzn2.0.2.x86_64.rpm                                                                    |  29 kB  00:00:00
(16/27): libXext-1.3.3-3.amzn2.0.2.x86_64.rpm                                                                     |  39 kB  00:00:00
(17/27): libXi-1.7.9-1.amzn2.0.2.x86_64.rpm                                                                       |  41 kB  00:00:00
(18/27): libXinerama-1.1.3-2.1.amzn2.0.2.x86_64.rpm                                                               |  14 kB  00:00:00
(19/27): libXrandr-1.5.1-2.amzn2.0.3.x86_64.rpm                                                                   |  27 kB  00:00:00
(20/27): libXrender-0.9.10-1.amzn2.0.2.x86_64.rpm                                                                 |  26 kB  00:00:00
(21/27): libXt-1.1.5-3.amzn2.0.2.x86_64.rpm                                                                       | 177 kB  00:00:00
(22/27): libXtst-1.2.3-1.amzn2.0.2.x86_64.rpm                                                                     |  20 kB  00:00:00
(23/27): libxcb-1.12-1.amzn2.0.2.x86_64.rpm                                                                       | 216 kB  00:00:00
(24/27): libxslt-1.1.28-6.amzn2.x86_64.rpm                                                                        | 240 kB  00:00:00
(25/27): python-javapackages-3.4.1-11.amzn2.noarch.rpm                                                            |  31 kB  00:00:00
(26/27): python-lxml-3.2.1-4.amzn2.0.3.x86_64.rpm                                                                 | 1.0 MB  00:00:00
(27/27): java-11-amazon-corretto-headless-11.0.12+7-1.amzn2.x86_64.rpm                                            | 164 MB  00:00:02
-----------------------------------------------------------------------------------------------------------------------------------------
Total                                                                                                     69 MB/s | 171 MB  00:00:02
Running transaction check
Running transaction test
Transaction test succeeded
Running transaction
  Installing : libICE-1.0.9-9.amzn2.0.2.x86_64                                                                                      1/27
  Installing : libSM-1.2.2-2.amzn2.0.2.x86_64                                                                                       2/27
  Installing : libxslt-1.1.28-6.amzn2.x86_64                                                                                        3/27
  Installing : fontpackages-filesystem-1.44-8.amzn2.noarch                                                                          4/27
  Installing : dejavu-fonts-common-2.33-6.amzn2.noarch                                                                              5/27
  Installing : dejavu-sans-fonts-2.33-6.amzn2.noarch                                                                                6/27
  Installing : fontconfig-2.13.0-4.3.amzn2.x86_64                                                                                   7/27
  Installing : dejavu-serif-fonts-2.33-6.amzn2.noarch                                                                               8/27
  Installing : dejavu-sans-mono-fonts-2.33-6.amzn2.noarch                                                                           9/27
  Installing : python-lxml-3.2.1-4.amzn2.0.3.x86_64                                                                                10/27
  Installing : python-javapackages-3.4.1-11.amzn2.noarch                                                                           11/27
  Installing : javapackages-tools-3.4.1-11.amzn2.noarch                                                                            12/27
  Installing : 1:java-11-amazon-corretto-headless-11.0.12+7-1.amzn2.x86_64                                                         13/27
  Installing : alsa-lib-1.1.4.1-2.amzn2.x86_64                                                                                     14/27
  Installing : libXau-1.0.8-2.1.amzn2.0.2.x86_64                                                                                   15/27
  Installing : libxcb-1.12-1.amzn2.0.2.x86_64                                                                                      16/27
  Installing : libX11-common-1.6.7-3.amzn2.0.2.noarch                                                                              17/27
  Installing : libX11-1.6.7-3.amzn2.0.2.x86_64                                                                                     18/27
  Installing : libXext-1.3.3-3.amzn2.0.2.x86_64                                                                                    19/27
  Installing : libXi-1.7.9-1.amzn2.0.2.x86_64                                                                                      20/27
  Installing : libXrender-0.9.10-1.amzn2.0.2.x86_64                                                                                21/27
  Installing : libXrandr-1.5.1-2.amzn2.0.3.x86_64                                                                                  22/27
  Installing : libXtst-1.2.3-1.amzn2.0.2.x86_64                                                                                    23/27
  Installing : libXinerama-1.1.3-2.1.amzn2.0.2.x86_64                                                                              24/27
  Installing : libXt-1.1.5-3.amzn2.0.2.x86_64                                                                                      25/27
  Installing : giflib-4.1.6-9.amzn2.0.2.x86_64                                                                                     26/27
  Installing : 1:java-11-amazon-corretto-11.0.12+7-1.amzn2.x86_64                                                                  27/27
  Verifying  : dejavu-serif-fonts-2.33-6.amzn2.noarch                                                                               1/27
  Verifying  : python-lxml-3.2.1-4.amzn2.0.3.x86_64                                                                                 2/27
  Verifying  : fontpackages-filesystem-1.44-8.amzn2.noarch                                                                          3/27
  Verifying  : 1:java-11-amazon-corretto-11.0.12+7-1.amzn2.x86_64                                                                   4/27
  Verifying  : libxcb-1.12-1.amzn2.0.2.x86_64                                                                                       5/27
  Verifying  : libXrandr-1.5.1-2.amzn2.0.3.x86_64                                                                                   6/27
  Verifying  : libXext-1.3.3-3.amzn2.0.2.x86_64                                                                                     7/27
  Verifying  : libX11-1.6.7-3.amzn2.0.2.x86_64                                                                                      8/27
  Verifying  : 1:java-11-amazon-corretto-headless-11.0.12+7-1.amzn2.x86_64                                                          9/27
  Verifying  : dejavu-sans-mono-fonts-2.33-6.amzn2.noarch                                                                          10/27
  Verifying  : libX11-common-1.6.7-3.amzn2.0.2.noarch                                                                              11/27
  Verifying  : dejavu-fonts-common-2.33-6.amzn2.noarch                                                                             12/27
  Verifying  : libXau-1.0.8-2.1.amzn2.0.2.x86_64                                                                                   13/27
  Verifying  : libSM-1.2.2-2.amzn2.0.2.x86_64                                                                                      14/27
  Verifying  : libXrender-0.9.10-1.amzn2.0.2.x86_64                                                                                15/27
  Verifying  : dejavu-sans-fonts-2.33-6.amzn2.noarch                                                                               16/27
  Verifying  : fontconfig-2.13.0-4.3.amzn2.x86_64                                                                                  17/27
  Verifying  : libXt-1.1.5-3.amzn2.0.2.x86_64                                                                                      18/27
  Verifying  : giflib-4.1.6-9.amzn2.0.2.x86_64                                                                                     19/27
  Verifying  : libXinerama-1.1.3-2.1.amzn2.0.2.x86_64                                                                              20/27
  Verifying  : libXi-1.7.9-1.amzn2.0.2.x86_64                                                                                      21/27
  Verifying  : libxslt-1.1.28-6.amzn2.x86_64                                                                                       22/27
  Verifying  : python-javapackages-3.4.1-11.amzn2.noarch                                                                           23/27
  Verifying  : libXtst-1.2.3-1.amzn2.0.2.x86_64                                                                                    24/27
  Verifying  : alsa-lib-1.1.4.1-2.amzn2.x86_64                                                                                     25/27
  Verifying  : libICE-1.0.9-9.amzn2.0.2.x86_64                                                                                     26/27
  Verifying  : javapackages-tools-3.4.1-11.amzn2.noarch                                                                            27/27

Installed:
  java-11-amazon-corretto.x86_64 1:11.0.12+7-1.amzn2

Dependency Installed:
  alsa-lib.x86_64 0:1.1.4.1-2.amzn2                                          dejavu-fonts-common.noarch 0:2.33-6.amzn2
  dejavu-sans-fonts.noarch 0:2.33-6.amzn2                                    dejavu-sans-mono-fonts.noarch 0:2.33-6.amzn2
  dejavu-serif-fonts.noarch 0:2.33-6.amzn2                                   fontconfig.x86_64 0:2.13.0-4.3.amzn2
  fontpackages-filesystem.noarch 0:1.44-8.amzn2                              giflib.x86_64 0:4.1.6-9.amzn2.0.2
  java-11-amazon-corretto-headless.x86_64 1:11.0.12+7-1.amzn2                javapackages-tools.noarch 0:3.4.1-11.amzn2
  libICE.x86_64 0:1.0.9-9.amzn2.0.2                                          libSM.x86_64 0:1.2.2-2.amzn2.0.2
  libX11.x86_64 0:1.6.7-3.amzn2.0.2                                          libX11-common.noarch 0:1.6.7-3.amzn2.0.2
  libXau.x86_64 0:1.0.8-2.1.amzn2.0.2                                        libXext.x86_64 0:1.3.3-3.amzn2.0.2
  libXi.x86_64 0:1.7.9-1.amzn2.0.2                                           libXinerama.x86_64 0:1.1.3-2.1.amzn2.0.2
  libXrandr.x86_64 0:1.5.1-2.amzn2.0.3                                       libXrender.x86_64 0:0.9.10-1.amzn2.0.2
  libXt.x86_64 0:1.1.5-3.amzn2.0.2                                           libXtst.x86_64 0:1.2.3-1.amzn2.0.2
  libxcb.x86_64 0:1.12-1.amzn2.0.2                                           libxslt.x86_64 0:1.1.28-6.amzn2
  python-javapackages.noarch 0:3.4.1-11.amzn2                                python-lxml.x86_64 0:3.2.1-4.amzn2.0.3

Complete!
[root@ip-172-31-18-20 ec2-user]# java -version
openjdk version "11.0.12" 2021-07-20 LTS
OpenJDK Runtime Environment Corretto-11.0.12.7.1 (build 11.0.12+7-LTS)
OpenJDK 64-Bit Server VM Corretto-11.0.12.7.1 (build 11.0.12+7-LTS, mixed mode)
[root@ip-172-31-18-20 ec2-user]# tar -xvzf apache tomcat-version 9.0.52.tar
tar (child): apache: Cannot open: No such file or directory
tar (child): Error is not recoverable: exiting now
tar: Child returned status 2
tar: Error is not recoverable: exiting now
[root@ip-172-31-18-20 ec2-user]# mkdir tomcat
[root@ip-172-31-18-20 ec2-user]# cd tomcat
[root@ip-172-31-18-20 tomcat]# tar -xvzf apache tomcat-version 9.0.52.tar.gz -C/usr/tomcat
tar (child): apache: Cannot open: No such file or directory
tar (child): Error is not recoverable: exiting now
tar: Child returned status 2
tar: Error is not recoverable: exiting now
[root@ip-172-31-18-20 tomcat]# tar -xvzf apache tomcat-version 9.0.52 tar.gz -C/usr/tomcat
tar (child): apache: Cannot open: No such file or directory
tar (child): Error is not recoverable: exiting now
tar: Child returned status 2
tar: Error is not recoverable: exiting now
[root@ip-172-31-18-20 tomcat]# pwd
/home/ec2-user/tomcat
[root@ip-172-31-18-20 tomcat]# cd usr/tomcat
bash: cd: usr/tomcat: No such file or directory
[root@ip-172-31-18-20 tomcat]# ls
[root@ip-172-31-18-20 tomcat]# wget https://dlcdn.apache.org/tomcat/tomcat-9/v9.0.52/bin/apache-tomcat-9.0.52.tar.gz
--2021-09-10 07:59:00--  https://dlcdn.apache.org/tomcat/tomcat-9/v9.0.52/bin/apache-tomcat-9.0.52.tar.gz
Resolving dlcdn.apache.org (dlcdn.apache.org)... 151.101.2.132, 2a04:4e42::644
Connecting to dlcdn.apache.org (dlcdn.apache.org)|151.101.2.132|:443... connected.
HTTP request sent, awaiting response... 200 OK
Length: 11524133 (11M) [application/x-gzip]
Saving to: ‘apache-tomcat-9.0.52.tar.gz’

100%[===============================================================================================>] 11,524,133  --.-K/s   in 0.09s

2021-09-10 07:59:00 (116 MB/s) - ‘apache-tomcat-9.0.52.tar.gz’ saved [11524133/11524133]

[root@ip-172-31-18-20 tomcat]# ls
apache-tomcat-9.0.52.tar.gz
[root@ip-172-31-18-20 tomcat]# tar -xvf apache-tomcat-9.0.52.tar.gz
apache-tomcat-9.0.52/conf/
apache-tomcat-9.0.52/conf/catalina.policy
apache-tomcat-9.0.52/conf/catalina.properties
apache-tomcat-9.0.52/conf/context.xml
apache-tomcat-9.0.52/conf/jaspic-providers.xml
apache-tomcat-9.0.52/conf/jaspic-providers.xsd
apache-tomcat-9.0.52/conf/logging.properties
apache-tomcat-9.0.52/conf/server.xml
apache-tomcat-9.0.52/conf/tomcat-users.xml
apache-tomcat-9.0.52/conf/tomcat-users.xsd
apache-tomcat-9.0.52/conf/web.xml
apache-tomcat-9.0.52/bin/
apache-tomcat-9.0.52/lib/
apache-tomcat-9.0.52/logs/
apache-tomcat-9.0.52/temp/
apache-tomcat-9.0.52/webapps/
apache-tomcat-9.0.52/webapps/ROOT/
apache-tomcat-9.0.52/webapps/ROOT/WEB-INF/
apache-tomcat-9.0.52/webapps/docs/
apache-tomcat-9.0.52/webapps/docs/WEB-INF/
apache-tomcat-9.0.52/webapps/docs/annotationapi/
apache-tomcat-9.0.52/webapps/docs/api/
apache-tomcat-9.0.52/webapps/docs/appdev/
apache-tomcat-9.0.52/webapps/docs/appdev/sample/
apache-tomcat-9.0.52/webapps/docs/appdev/sample/docs/
apache-tomcat-9.0.52/webapps/docs/appdev/sample/src/
apache-tomcat-9.0.52/webapps/docs/appdev/sample/src/mypackage/
apache-tomcat-9.0.52/webapps/docs/appdev/sample/web/
apache-tomcat-9.0.52/webapps/docs/appdev/sample/web/WEB-INF/
apache-tomcat-9.0.52/webapps/docs/appdev/sample/web/images/
apache-tomcat-9.0.52/webapps/docs/architecture/
apache-tomcat-9.0.52/webapps/docs/architecture/requestProcess/
apache-tomcat-9.0.52/webapps/docs/architecture/startup/
apache-tomcat-9.0.52/webapps/docs/config/
apache-tomcat-9.0.52/webapps/docs/elapi/
apache-tomcat-9.0.52/webapps/docs/images/
apache-tomcat-9.0.52/webapps/docs/images/fonts/
apache-tomcat-9.0.52/webapps/docs/jaspicapi/
apache-tomcat-9.0.52/webapps/docs/jspapi/
apache-tomcat-9.0.52/webapps/docs/servletapi/
apache-tomcat-9.0.52/webapps/docs/tribes/
apache-tomcat-9.0.52/webapps/docs/websocketapi/
apache-tomcat-9.0.52/webapps/examples/
apache-tomcat-9.0.52/webapps/examples/META-INF/
apache-tomcat-9.0.52/webapps/examples/WEB-INF/
apache-tomcat-9.0.52/webapps/examples/WEB-INF/classes/
apache-tomcat-9.0.52/webapps/examples/WEB-INF/classes/async/
apache-tomcat-9.0.52/webapps/examples/WEB-INF/classes/cal/
apache-tomcat-9.0.52/webapps/examples/WEB-INF/classes/checkbox/
apache-tomcat-9.0.52/webapps/examples/WEB-INF/classes/colors/
apache-tomcat-9.0.52/webapps/examples/WEB-INF/classes/compressionFilters/
apache-tomcat-9.0.52/webapps/examples/WEB-INF/classes/dates/
apache-tomcat-9.0.52/webapps/examples/WEB-INF/classes/error/
apache-tomcat-9.0.52/webapps/examples/WEB-INF/classes/examples/
apache-tomcat-9.0.52/webapps/examples/WEB-INF/classes/filters/
apache-tomcat-9.0.52/webapps/examples/WEB-INF/classes/http2/
apache-tomcat-9.0.52/webapps/examples/WEB-INF/classes/jsp2/
apache-tomcat-9.0.52/webapps/examples/WEB-INF/classes/jsp2/examples/
apache-tomcat-9.0.52/webapps/examples/WEB-INF/classes/jsp2/examples/el/
apache-tomcat-9.0.52/webapps/examples/WEB-INF/classes/jsp2/examples/simpletag/
apache-tomcat-9.0.52/webapps/examples/WEB-INF/classes/listeners/
apache-tomcat-9.0.52/webapps/examples/WEB-INF/classes/nonblocking/
apache-tomcat-9.0.52/webapps/examples/WEB-INF/classes/num/
apache-tomcat-9.0.52/webapps/examples/WEB-INF/classes/sessions/
apache-tomcat-9.0.52/webapps/examples/WEB-INF/classes/trailers/
apache-tomcat-9.0.52/webapps/examples/WEB-INF/classes/util/
apache-tomcat-9.0.52/webapps/examples/WEB-INF/classes/validators/
apache-tomcat-9.0.52/webapps/examples/WEB-INF/classes/websocket/
apache-tomcat-9.0.52/webapps/examples/WEB-INF/classes/websocket/chat/
apache-tomcat-9.0.52/webapps/examples/WEB-INF/classes/websocket/drawboard/
apache-tomcat-9.0.52/webapps/examples/WEB-INF/classes/websocket/drawboard/wsmessages/
apache-tomcat-9.0.52/webapps/examples/WEB-INF/classes/websocket/echo/
apache-tomcat-9.0.52/webapps/examples/WEB-INF/classes/websocket/snake/
apache-tomcat-9.0.52/webapps/examples/WEB-INF/jsp/
apache-tomcat-9.0.52/webapps/examples/WEB-INF/jsp/applet/
apache-tomcat-9.0.52/webapps/examples/WEB-INF/jsp2/
apache-tomcat-9.0.52/webapps/examples/WEB-INF/lib/
apache-tomcat-9.0.52/webapps/examples/WEB-INF/tags/
apache-tomcat-9.0.52/webapps/examples/jsp/
apache-tomcat-9.0.52/webapps/examples/jsp/async/
apache-tomcat-9.0.52/webapps/examples/jsp/cal/
apache-tomcat-9.0.52/webapps/examples/jsp/checkbox/
apache-tomcat-9.0.52/webapps/examples/jsp/colors/
apache-tomcat-9.0.52/webapps/examples/jsp/dates/
apache-tomcat-9.0.52/webapps/examples/jsp/error/
apache-tomcat-9.0.52/webapps/examples/jsp/forward/
apache-tomcat-9.0.52/webapps/examples/jsp/images/
apache-tomcat-9.0.52/webapps/examples/jsp/include/
apache-tomcat-9.0.52/webapps/examples/jsp/jsp2/
apache-tomcat-9.0.52/webapps/examples/jsp/jsp2/el/
apache-tomcat-9.0.52/webapps/examples/jsp/jsp2/jspattribute/
apache-tomcat-9.0.52/webapps/examples/jsp/jsp2/jspx/
apache-tomcat-9.0.52/webapps/examples/jsp/jsp2/misc/
apache-tomcat-9.0.52/webapps/examples/jsp/jsp2/simpletag/
apache-tomcat-9.0.52/webapps/examples/jsp/jsp2/tagfiles/
apache-tomcat-9.0.52/webapps/examples/jsp/jsptoserv/
apache-tomcat-9.0.52/webapps/examples/jsp/num/
apache-tomcat-9.0.52/webapps/examples/jsp/plugin/
apache-tomcat-9.0.52/webapps/examples/jsp/plugin/applet/
apache-tomcat-9.0.52/webapps/examples/jsp/security/
apache-tomcat-9.0.52/webapps/examples/jsp/security/protected/
apache-tomcat-9.0.52/webapps/examples/jsp/sessions/
apache-tomcat-9.0.52/webapps/examples/jsp/simpletag/
apache-tomcat-9.0.52/webapps/examples/jsp/snp/
apache-tomcat-9.0.52/webapps/examples/jsp/tagplugin/
apache-tomcat-9.0.52/webapps/examples/jsp/xml/
apache-tomcat-9.0.52/webapps/examples/servlets/
apache-tomcat-9.0.52/webapps/examples/servlets/images/
apache-tomcat-9.0.52/webapps/examples/servlets/nonblocking/
apache-tomcat-9.0.52/webapps/examples/websocket/
apache-tomcat-9.0.52/webapps/host-manager/
apache-tomcat-9.0.52/webapps/host-manager/META-INF/
apache-tomcat-9.0.52/webapps/host-manager/WEB-INF/
apache-tomcat-9.0.52/webapps/host-manager/WEB-INF/jsp/
apache-tomcat-9.0.52/webapps/host-manager/css/
apache-tomcat-9.0.52/webapps/host-manager/images/
apache-tomcat-9.0.52/webapps/manager/
apache-tomcat-9.0.52/webapps/manager/META-INF/
apache-tomcat-9.0.52/webapps/manager/WEB-INF/
apache-tomcat-9.0.52/webapps/manager/WEB-INF/jsp/
apache-tomcat-9.0.52/webapps/manager/css/
apache-tomcat-9.0.52/webapps/manager/images/
apache-tomcat-9.0.52/work/
apache-tomcat-9.0.52/BUILDING.txt
apache-tomcat-9.0.52/CONTRIBUTING.md
apache-tomcat-9.0.52/LICENSE
apache-tomcat-9.0.52/NOTICE
apache-tomcat-9.0.52/README.md
apache-tomcat-9.0.52/RELEASE-NOTES
apache-tomcat-9.0.52/RUNNING.txt
apache-tomcat-9.0.52/bin/bootstrap.jar
apache-tomcat-9.0.52/bin/catalina-tasks.xml
apache-tomcat-9.0.52/bin/catalina.bat
apache-tomcat-9.0.52/bin/ciphers.bat
apache-tomcat-9.0.52/bin/commons-daemon-native.tar.gz
apache-tomcat-9.0.52/bin/commons-daemon.jar
apache-tomcat-9.0.52/bin/configtest.bat
apache-tomcat-9.0.52/bin/digest.bat
apache-tomcat-9.0.52/bin/makebase.bat
apache-tomcat-9.0.52/bin/setclasspath.bat
apache-tomcat-9.0.52/bin/shutdown.bat
apache-tomcat-9.0.52/bin/startup.bat
apache-tomcat-9.0.52/bin/tomcat-juli.jar
apache-tomcat-9.0.52/bin/tomcat-native.tar.gz
apache-tomcat-9.0.52/bin/tool-wrapper.bat
apache-tomcat-9.0.52/bin/version.bat
apache-tomcat-9.0.52/lib/annotations-api.jar
apache-tomcat-9.0.52/lib/catalina-ant.jar
apache-tomcat-9.0.52/lib/catalina-ha.jar
apache-tomcat-9.0.52/lib/catalina-ssi.jar
apache-tomcat-9.0.52/lib/catalina-storeconfig.jar
apache-tomcat-9.0.52/lib/catalina-tribes.jar
apache-tomcat-9.0.52/lib/catalina.jar
apache-tomcat-9.0.52/lib/ecj-4.20.jar
apache-tomcat-9.0.52/lib/el-api.jar
apache-tomcat-9.0.52/lib/jasper-el.jar
apache-tomcat-9.0.52/lib/jasper.jar
apache-tomcat-9.0.52/lib/jaspic-api.jar
apache-tomcat-9.0.52/lib/jsp-api.jar
apache-tomcat-9.0.52/lib/servlet-api.jar
apache-tomcat-9.0.52/lib/tomcat-api.jar
apache-tomcat-9.0.52/lib/tomcat-coyote.jar
apache-tomcat-9.0.52/lib/tomcat-dbcp.jar
apache-tomcat-9.0.52/lib/tomcat-i18n-cs.jar
apache-tomcat-9.0.52/lib/tomcat-i18n-de.jar
apache-tomcat-9.0.52/lib/tomcat-i18n-es.jar
apache-tomcat-9.0.52/lib/tomcat-i18n-fr.jar
apache-tomcat-9.0.52/lib/tomcat-i18n-ja.jar
apache-tomcat-9.0.52/lib/tomcat-i18n-ko.jar
apache-tomcat-9.0.52/lib/tomcat-i18n-pt-BR.jar
apache-tomcat-9.0.52/lib/tomcat-i18n-ru.jar
apache-tomcat-9.0.52/lib/tomcat-i18n-zh-CN.jar
apache-tomcat-9.0.52/lib/tomcat-jdbc.jar
apache-tomcat-9.0.52/lib/tomcat-jni.jar
apache-tomcat-9.0.52/lib/tomcat-util-scan.jar
apache-tomcat-9.0.52/lib/tomcat-util.jar
apache-tomcat-9.0.52/lib/tomcat-websocket.jar
apache-tomcat-9.0.52/lib/websocket-api.jar
apache-tomcat-9.0.52/temp/safeToDelete.tmp
apache-tomcat-9.0.52/webapps/ROOT/RELEASE-NOTES.txt
apache-tomcat-9.0.52/webapps/ROOT/WEB-INF/web.xml
apache-tomcat-9.0.52/webapps/ROOT/asf-logo-wide.svg
apache-tomcat-9.0.52/webapps/ROOT/bg-button.png
apache-tomcat-9.0.52/webapps/ROOT/bg-middle.png
apache-tomcat-9.0.52/webapps/ROOT/bg-nav.png
apache-tomcat-9.0.52/webapps/ROOT/bg-upper.png
apache-tomcat-9.0.52/webapps/ROOT/favicon.ico
apache-tomcat-9.0.52/webapps/ROOT/index.jsp
apache-tomcat-9.0.52/webapps/ROOT/tomcat.css
apache-tomcat-9.0.52/webapps/ROOT/tomcat.svg
apache-tomcat-9.0.52/webapps/docs/BUILDING.txt
apache-tomcat-9.0.52/webapps/docs/RELEASE-NOTES.txt
apache-tomcat-9.0.52/webapps/docs/RUNNING.txt
apache-tomcat-9.0.52/webapps/docs/WEB-INF/web.xml
apache-tomcat-9.0.52/webapps/docs/aio.html
apache-tomcat-9.0.52/webapps/docs/annotationapi/index.html
apache-tomcat-9.0.52/webapps/docs/api/index.html
apache-tomcat-9.0.52/webapps/docs/appdev/build.xml.txt
apache-tomcat-9.0.52/webapps/docs/appdev/deployment.html
apache-tomcat-9.0.52/webapps/docs/appdev/index.html
apache-tomcat-9.0.52/webapps/docs/appdev/installation.html
apache-tomcat-9.0.52/webapps/docs/appdev/introduction.html
apache-tomcat-9.0.52/webapps/docs/appdev/processes.html
apache-tomcat-9.0.52/webapps/docs/appdev/sample/build.xml
apache-tomcat-9.0.52/webapps/docs/appdev/sample/docs/README.txt
apache-tomcat-9.0.52/webapps/docs/appdev/sample/index.html
apache-tomcat-9.0.52/webapps/docs/appdev/sample/sample.war
apache-tomcat-9.0.52/webapps/docs/appdev/sample/src/mypackage/Hello.java
apache-tomcat-9.0.52/webapps/docs/appdev/sample/web/WEB-INF/web.xml
apache-tomcat-9.0.52/webapps/docs/appdev/sample/web/hello.jsp
apache-tomcat-9.0.52/webapps/docs/appdev/sample/web/images/tomcat.gif
apache-tomcat-9.0.52/webapps/docs/appdev/sample/web/index.html
apache-tomcat-9.0.52/webapps/docs/appdev/source.html
apache-tomcat-9.0.52/webapps/docs/appdev/web.xml.txt
apache-tomcat-9.0.52/webapps/docs/apr.html
apache-tomcat-9.0.52/webapps/docs/architecture/index.html
apache-tomcat-9.0.52/webapps/docs/architecture/overview.html
apache-tomcat-9.0.52/webapps/docs/architecture/requestProcess.html
apache-tomcat-9.0.52/webapps/docs/architecture/requestProcess/authentication-process.png
apache-tomcat-9.0.52/webapps/docs/architecture/requestProcess/request-process.png
apache-tomcat-9.0.52/webapps/docs/architecture/startup.html
apache-tomcat-9.0.52/webapps/docs/architecture/startup/serverStartup.pdf
apache-tomcat-9.0.52/webapps/docs/architecture/startup/serverStartup.txt
apache-tomcat-9.0.52/webapps/docs/balancer-howto.html
apache-tomcat-9.0.52/webapps/docs/building.html
apache-tomcat-9.0.52/webapps/docs/cdi.html
apache-tomcat-9.0.52/webapps/docs/cgi-howto.html
apache-tomcat-9.0.52/webapps/docs/changelog.html
apache-tomcat-9.0.52/webapps/docs/class-loader-howto.html
apache-tomcat-9.0.52/webapps/docs/cluster-howto.html
apache-tomcat-9.0.52/webapps/docs/comments.html
apache-tomcat-9.0.52/webapps/docs/config/ajp.html
apache-tomcat-9.0.52/webapps/docs/config/automatic-deployment.html
apache-tomcat-9.0.52/webapps/docs/config/cluster-channel.html
apache-tomcat-9.0.52/webapps/docs/config/cluster-deployer.html
apache-tomcat-9.0.52/webapps/docs/config/cluster-interceptor.html
apache-tomcat-9.0.52/webapps/docs/config/cluster-listener.html
apache-tomcat-9.0.52/webapps/docs/config/cluster-manager.html
apache-tomcat-9.0.52/webapps/docs/config/cluster-membership.html
apache-tomcat-9.0.52/webapps/docs/config/cluster-receiver.html
apache-tomcat-9.0.52/webapps/docs/config/cluster-sender.html
apache-tomcat-9.0.52/webapps/docs/config/cluster-valve.html
apache-tomcat-9.0.52/webapps/docs/config/cluster.html
apache-tomcat-9.0.52/webapps/docs/config/context.html
apache-tomcat-9.0.52/webapps/docs/config/cookie-processor.html
apache-tomcat-9.0.52/webapps/docs/config/credentialhandler.html
apache-tomcat-9.0.52/webapps/docs/config/engine.html
apache-tomcat-9.0.52/webapps/docs/config/executor.html
apache-tomcat-9.0.52/webapps/docs/config/filter.html
apache-tomcat-9.0.52/webapps/docs/config/globalresources.html
apache-tomcat-9.0.52/webapps/docs/config/host.html
apache-tomcat-9.0.52/webapps/docs/config/http.html
apache-tomcat-9.0.52/webapps/docs/config/http2.html
apache-tomcat-9.0.52/webapps/docs/config/index.html
apache-tomcat-9.0.52/webapps/docs/config/jar-scan-filter.html
apache-tomcat-9.0.52/webapps/docs/config/jar-scanner.html
apache-tomcat-9.0.52/webapps/docs/config/jaspic.html
apache-tomcat-9.0.52/webapps/docs/config/listeners.html
apache-tomcat-9.0.52/webapps/docs/config/loader.html
apache-tomcat-9.0.52/webapps/docs/config/manager.html
apache-tomcat-9.0.52/webapps/docs/config/realm.html
apache-tomcat-9.0.52/webapps/docs/config/resources.html
apache-tomcat-9.0.52/webapps/docs/config/server.html
apache-tomcat-9.0.52/webapps/docs/config/service.html
apache-tomcat-9.0.52/webapps/docs/config/sessionidgenerator.html
apache-tomcat-9.0.52/webapps/docs/config/systemprops.html
apache-tomcat-9.0.52/webapps/docs/config/valve.html
apache-tomcat-9.0.52/webapps/docs/connectors.html
apache-tomcat-9.0.52/webapps/docs/default-servlet.html
apache-tomcat-9.0.52/webapps/docs/deployer-howto.html
apache-tomcat-9.0.52/webapps/docs/developers.html
apache-tomcat-9.0.52/webapps/docs/elapi/index.html
apache-tomcat-9.0.52/webapps/docs/graal.html
apache-tomcat-9.0.52/webapps/docs/host-manager-howto.html
apache-tomcat-9.0.52/webapps/docs/html-host-manager-howto.html
apache-tomcat-9.0.52/webapps/docs/html-manager-howto.html
apache-tomcat-9.0.52/webapps/docs/images/add.gif
apache-tomcat-9.0.52/webapps/docs/images/asf-logo.svg
apache-tomcat-9.0.52/webapps/docs/images/code.gif
apache-tomcat-9.0.52/webapps/docs/images/cors-flowchart.png
apache-tomcat-9.0.52/webapps/docs/images/design.gif
apache-tomcat-9.0.52/webapps/docs/images/docs-stylesheet.css
apache-tomcat-9.0.52/webapps/docs/images/docs.gif
apache-tomcat-9.0.52/webapps/docs/images/fix.gif
apache-tomcat-9.0.52/webapps/docs/images/fonts/OpenSans400.woff
apache-tomcat-9.0.52/webapps/docs/images/fonts/OpenSans400italic.woff
apache-tomcat-9.0.52/webapps/docs/images/fonts/OpenSans600.woff
apache-tomcat-9.0.52/webapps/docs/images/fonts/OpenSans600italic.woff
apache-tomcat-9.0.52/webapps/docs/images/fonts/OpenSans700.woff
apache-tomcat-9.0.52/webapps/docs/images/fonts/OpenSans700italic.woff
apache-tomcat-9.0.52/webapps/docs/images/fonts/fonts.css
apache-tomcat-9.0.52/webapps/docs/images/tomcat.gif
apache-tomcat-9.0.52/webapps/docs/images/tomcat.png
apache-tomcat-9.0.52/webapps/docs/images/update.gif
apache-tomcat-9.0.52/webapps/docs/images/void.gif
apache-tomcat-9.0.52/webapps/docs/index.html
apache-tomcat-9.0.52/webapps/docs/introduction.html
apache-tomcat-9.0.52/webapps/docs/jasper-howto.html
apache-tomcat-9.0.52/webapps/docs/jaspicapi/index.html
apache-tomcat-9.0.52/webapps/docs/jdbc-pool.html
apache-tomcat-9.0.52/webapps/docs/jndi-datasource-examples-howto.html
apache-tomcat-9.0.52/webapps/docs/jndi-resources-howto.html
apache-tomcat-9.0.52/webapps/docs/jspapi/index.html
apache-tomcat-9.0.52/webapps/docs/logging.html
apache-tomcat-9.0.52/webapps/docs/manager-howto.html
apache-tomcat-9.0.52/webapps/docs/maven-jars.html
apache-tomcat-9.0.52/webapps/docs/mbeans-descriptors-howto.html
apache-tomcat-9.0.52/webapps/docs/mbeans-descriptors.dtd
apache-tomcat-9.0.52/webapps/docs/monitoring.html
apache-tomcat-9.0.52/webapps/docs/proxy-howto.html
apache-tomcat-9.0.52/webapps/docs/realm-howto.html
apache-tomcat-9.0.52/webapps/docs/rewrite.html
apache-tomcat-9.0.52/webapps/docs/security-howto.html
apache-tomcat-9.0.52/webapps/docs/security-manager-howto.html
apache-tomcat-9.0.52/webapps/docs/servletapi/index.html
apache-tomcat-9.0.52/webapps/docs/setup.html
apache-tomcat-9.0.52/webapps/docs/ssi-howto.html
apache-tomcat-9.0.52/webapps/docs/ssl-howto.html
apache-tomcat-9.0.52/webapps/docs/tribes/developers.html
apache-tomcat-9.0.52/webapps/docs/tribes/faq.html
apache-tomcat-9.0.52/webapps/docs/tribes/interceptors.html
apache-tomcat-9.0.52/webapps/docs/tribes/introduction.html
apache-tomcat-9.0.52/webapps/docs/tribes/membership.html
apache-tomcat-9.0.52/webapps/docs/tribes/setup.html
apache-tomcat-9.0.52/webapps/docs/tribes/status.html
apache-tomcat-9.0.52/webapps/docs/tribes/transport.html
apache-tomcat-9.0.52/webapps/docs/virtual-hosting-howto.html
apache-tomcat-9.0.52/webapps/docs/web-socket-howto.html
apache-tomcat-9.0.52/webapps/docs/websocketapi/index.html
apache-tomcat-9.0.52/webapps/docs/windows-auth-howto.html
apache-tomcat-9.0.52/webapps/docs/windows-service-howto.html
apache-tomcat-9.0.52/webapps/examples/META-INF/context.xml
apache-tomcat-9.0.52/webapps/examples/WEB-INF/classes/CookieExample.class
apache-tomcat-9.0.52/webapps/examples/WEB-INF/classes/CookieExample.java
apache-tomcat-9.0.52/webapps/examples/WEB-INF/classes/HelloWorldExample.class
apache-tomcat-9.0.52/webapps/examples/WEB-INF/classes/HelloWorldExample.java
apache-tomcat-9.0.52/webapps/examples/WEB-INF/classes/LocalStrings.properties
apache-tomcat-9.0.52/webapps/examples/WEB-INF/classes/LocalStrings_cs.properties
apache-tomcat-9.0.52/webapps/examples/WEB-INF/classes/LocalStrings_de.properties
apache-tomcat-9.0.52/webapps/examples/WEB-INF/classes/LocalStrings_es.properties
apache-tomcat-9.0.52/webapps/examples/WEB-INF/classes/LocalStrings_fr.properties
apache-tomcat-9.0.52/webapps/examples/WEB-INF/classes/LocalStrings_ja.properties
apache-tomcat-9.0.52/webapps/examples/WEB-INF/classes/LocalStrings_ko.properties
apache-tomcat-9.0.52/webapps/examples/WEB-INF/classes/LocalStrings_pt.properties
apache-tomcat-9.0.52/webapps/examples/WEB-INF/classes/LocalStrings_pt_BR.properties
apache-tomcat-9.0.52/webapps/examples/WEB-INF/classes/LocalStrings_ru.properties
apache-tomcat-9.0.52/webapps/examples/WEB-INF/classes/LocalStrings_zh_CN.properties
apache-tomcat-9.0.52/webapps/examples/WEB-INF/classes/RequestHeaderExample.class
apache-tomcat-9.0.52/webapps/examples/WEB-INF/classes/RequestHeaderExample.java
apache-tomcat-9.0.52/webapps/examples/WEB-INF/classes/RequestInfoExample.class
apache-tomcat-9.0.52/webapps/examples/WEB-INF/classes/RequestInfoExample.java
apache-tomcat-9.0.52/webapps/examples/WEB-INF/classes/RequestParamExample.class
apache-tomcat-9.0.52/webapps/examples/WEB-INF/classes/RequestParamExample.java
apache-tomcat-9.0.52/webapps/examples/WEB-INF/classes/ServletToJsp.class
apache-tomcat-9.0.52/webapps/examples/WEB-INF/classes/ServletToJsp.java
apache-tomcat-9.0.52/webapps/examples/WEB-INF/classes/SessionExample.class
apache-tomcat-9.0.52/webapps/examples/WEB-INF/classes/SessionExample.java
apache-tomcat-9.0.52/webapps/examples/WEB-INF/classes/async/Async0$1.class
apache-tomcat-9.0.52/webapps/examples/WEB-INF/classes/async/Async0.class
apache-tomcat-9.0.52/webapps/examples/WEB-INF/classes/async/Async0.java
apache-tomcat-9.0.52/webapps/examples/WEB-INF/classes/async/Async1$1.class
apache-tomcat-9.0.52/webapps/examples/WEB-INF/classes/async/Async1.class
apache-tomcat-9.0.52/webapps/examples/WEB-INF/classes/async/Async1.java
apache-tomcat-9.0.52/webapps/examples/WEB-INF/classes/async/Async2$1.class
apache-tomcat-9.0.52/webapps/examples/WEB-INF/classes/async/Async2.class
apache-tomcat-9.0.52/webapps/examples/WEB-INF/classes/async/Async2.java
apache-tomcat-9.0.52/webapps/examples/WEB-INF/classes/async/Async3.class
apache-tomcat-9.0.52/webapps/examples/WEB-INF/classes/async/Async3.java
apache-tomcat-9.0.52/webapps/examples/WEB-INF/classes/async/AsyncStockContextListener.class
apache-tomcat-9.0.52/webapps/examples/WEB-INF/classes/async/AsyncStockContextListener.java
apache-tomcat-9.0.52/webapps/examples/WEB-INF/classes/async/AsyncStockServlet.class
apache-tomcat-9.0.52/webapps/examples/WEB-INF/classes/async/AsyncStockServlet.java
apache-tomcat-9.0.52/webapps/examples/WEB-INF/classes/async/Stockticker$Stock.class
apache-tomcat-9.0.52/webapps/examples/WEB-INF/classes/async/Stockticker$TickListener.class
apache-tomcat-9.0.52/webapps/examples/WEB-INF/classes/async/Stockticker.class
apache-tomcat-9.0.52/webapps/examples/WEB-INF/classes/async/Stockticker.java
apache-tomcat-9.0.52/webapps/examples/WEB-INF/classes/cal/Entries.class
apache-tomcat-9.0.52/webapps/examples/WEB-INF/classes/cal/Entries.java
apache-tomcat-9.0.52/webapps/examples/WEB-INF/classes/cal/Entry.class
apache-tomcat-9.0.52/webapps/examples/WEB-INF/classes/cal/Entry.java
apache-tomcat-9.0.52/webapps/examples/WEB-INF/classes/cal/JspCalendar.class
apache-tomcat-9.0.52/webapps/examples/WEB-INF/classes/cal/JspCalendar.java
apache-tomcat-9.0.52/webapps/examples/WEB-INF/classes/cal/TableBean.class
apache-tomcat-9.0.52/webapps/examples/WEB-INF/classes/cal/TableBean.java
apache-tomcat-9.0.52/webapps/examples/WEB-INF/classes/checkbox/CheckTest.class
apache-tomcat-9.0.52/webapps/examples/WEB-INF/classes/checkbox/CheckTest.java
apache-tomcat-9.0.52/webapps/examples/WEB-INF/classes/colors/ColorGameBean.class
apache-tomcat-9.0.52/webapps/examples/WEB-INF/classes/colors/ColorGameBean.java
apache-tomcat-9.0.52/webapps/examples/WEB-INF/classes/compressionFilters/CompressionFilter.class
apache-tomcat-9.0.52/webapps/examples/WEB-INF/classes/compressionFilters/CompressionFilter.java
apache-tomcat-9.0.52/webapps/examples/WEB-INF/classes/compressionFilters/CompressionFilterTestServlet.class
apache-tomcat-9.0.52/webapps/examples/WEB-INF/classes/compressionFilters/CompressionFilterTestServlet.java
apache-tomcat-9.0.52/webapps/examples/WEB-INF/classes/compressionFilters/CompressionResponseStream.class
apache-tomcat-9.0.52/webapps/examples/WEB-INF/classes/compressionFilters/CompressionResponseStream.java
apache-tomcat-9.0.52/webapps/examples/WEB-INF/classes/compressionFilters/CompressionServletResponseWrapper.class
apache-tomcat-9.0.52/webapps/examples/WEB-INF/classes/compressionFilters/CompressionServletResponseWrapper.java
apache-tomcat-9.0.52/webapps/examples/WEB-INF/classes/dates/JspCalendar.class
apache-tomcat-9.0.52/webapps/examples/WEB-INF/classes/dates/JspCalendar.java
apache-tomcat-9.0.52/webapps/examples/WEB-INF/classes/error/Smart.class
apache-tomcat-9.0.52/webapps/examples/WEB-INF/classes/error/Smart.java
apache-tomcat-9.0.52/webapps/examples/WEB-INF/classes/examples/ExampleTagBase.class
apache-tomcat-9.0.52/webapps/examples/WEB-INF/classes/examples/ExampleTagBase.java
apache-tomcat-9.0.52/webapps/examples/WEB-INF/classes/examples/FooTag.class
apache-tomcat-9.0.52/webapps/examples/WEB-INF/classes/examples/FooTag.java
apache-tomcat-9.0.52/webapps/examples/WEB-INF/classes/examples/FooTagExtraInfo.class
apache-tomcat-9.0.52/webapps/examples/WEB-INF/classes/examples/FooTagExtraInfo.java
apache-tomcat-9.0.52/webapps/examples/WEB-INF/classes/examples/LogTag.class
apache-tomcat-9.0.52/webapps/examples/WEB-INF/classes/examples/LogTag.java
apache-tomcat-9.0.52/webapps/examples/WEB-INF/classes/examples/ValuesTag.class
apache-tomcat-9.0.52/webapps/examples/WEB-INF/classes/examples/ValuesTag.java
apache-tomcat-9.0.52/webapps/examples/WEB-INF/classes/filters/ExampleFilter.class
apache-tomcat-9.0.52/webapps/examples/WEB-INF/classes/filters/ExampleFilter.java
apache-tomcat-9.0.52/webapps/examples/WEB-INF/classes/http2/SimpleImagePush.class
apache-tomcat-9.0.52/webapps/examples/WEB-INF/classes/http2/SimpleImagePush.java
apache-tomcat-9.0.52/webapps/examples/WEB-INF/classes/jsp2/examples/BookBean.class
apache-tomcat-9.0.52/webapps/examples/WEB-INF/classes/jsp2/examples/BookBean.java
apache-tomcat-9.0.52/webapps/examples/WEB-INF/classes/jsp2/examples/FooBean.class
apache-tomcat-9.0.52/webapps/examples/WEB-INF/classes/jsp2/examples/FooBean.java
apache-tomcat-9.0.52/webapps/examples/WEB-INF/classes/jsp2/examples/ValuesBean.class
apache-tomcat-9.0.52/webapps/examples/WEB-INF/classes/jsp2/examples/ValuesBean.java
apache-tomcat-9.0.52/webapps/examples/WEB-INF/classes/jsp2/examples/el/Functions.class
apache-tomcat-9.0.52/webapps/examples/WEB-INF/classes/jsp2/examples/el/Functions.java
apache-tomcat-9.0.52/webapps/examples/WEB-INF/classes/jsp2/examples/simpletag/EchoAttributesTag.class
apache-tomcat-9.0.52/webapps/examples/WEB-INF/classes/jsp2/examples/simpletag/EchoAttributesTag.java
apache-tomcat-9.0.52/webapps/examples/WEB-INF/classes/jsp2/examples/simpletag/FindBookSimpleTag.class
apache-tomcat-9.0.52/webapps/examples/WEB-INF/classes/jsp2/examples/simpletag/FindBookSimpleTag.java
apache-tomcat-9.0.52/webapps/examples/WEB-INF/classes/jsp2/examples/simpletag/HelloWorldSimpleTag.class
apache-tomcat-9.0.52/webapps/examples/WEB-INF/classes/jsp2/examples/simpletag/HelloWorldSimpleTag.java
apache-tomcat-9.0.52/webapps/examples/WEB-INF/classes/jsp2/examples/simpletag/RepeatSimpleTag.class
apache-tomcat-9.0.52/webapps/examples/WEB-INF/classes/jsp2/examples/simpletag/RepeatSimpleTag.java
apache-tomcat-9.0.52/webapps/examples/WEB-INF/classes/jsp2/examples/simpletag/ShuffleSimpleTag.class
apache-tomcat-9.0.52/webapps/examples/WEB-INF/classes/jsp2/examples/simpletag/ShuffleSimpleTag.java
apache-tomcat-9.0.52/webapps/examples/WEB-INF/classes/jsp2/examples/simpletag/TileSimpleTag.class
apache-tomcat-9.0.52/webapps/examples/WEB-INF/classes/jsp2/examples/simpletag/TileSimpleTag.java
apache-tomcat-9.0.52/webapps/examples/WEB-INF/classes/listeners/ContextListener.class
apache-tomcat-9.0.52/webapps/examples/WEB-INF/classes/listeners/ContextListener.java
apache-tomcat-9.0.52/webapps/examples/WEB-INF/classes/listeners/SessionListener.class
apache-tomcat-9.0.52/webapps/examples/WEB-INF/classes/listeners/SessionListener.java
apache-tomcat-9.0.52/webapps/examples/WEB-INF/classes/nonblocking/ByteCounter$1.class
apache-tomcat-9.0.52/webapps/examples/WEB-INF/classes/nonblocking/ByteCounter$CounterListener.class
apache-tomcat-9.0.52/webapps/examples/WEB-INF/classes/nonblocking/ByteCounter.class
apache-tomcat-9.0.52/webapps/examples/WEB-INF/classes/nonblocking/ByteCounter.java
apache-tomcat-9.0.52/webapps/examples/WEB-INF/classes/nonblocking/NumberWriter$1.class
apache-tomcat-9.0.52/webapps/examples/WEB-INF/classes/nonblocking/NumberWriter$NumberWriterListener.class
apache-tomcat-9.0.52/webapps/examples/WEB-INF/classes/nonblocking/NumberWriter.class
apache-tomcat-9.0.52/webapps/examples/WEB-INF/classes/nonblocking/NumberWriter.java
apache-tomcat-9.0.52/webapps/examples/WEB-INF/classes/num/NumberGuessBean.class
apache-tomcat-9.0.52/webapps/examples/WEB-INF/classes/num/NumberGuessBean.java
apache-tomcat-9.0.52/webapps/examples/WEB-INF/classes/sessions/DummyCart.class
apache-tomcat-9.0.52/webapps/examples/WEB-INF/classes/sessions/DummyCart.java
apache-tomcat-9.0.52/webapps/examples/WEB-INF/classes/trailers/ResponseTrailers$1.class
apache-tomcat-9.0.52/webapps/examples/WEB-INF/classes/trailers/ResponseTrailers$TrailerFieldSupplier.class
apache-tomcat-9.0.52/webapps/examples/WEB-INF/classes/trailers/ResponseTrailers.class
apache-tomcat-9.0.52/webapps/examples/WEB-INF/classes/trailers/ResponseTrailers.java
apache-tomcat-9.0.52/webapps/examples/WEB-INF/classes/util/CookieFilter.class
apache-tomcat-9.0.52/webapps/examples/WEB-INF/classes/util/CookieFilter.java
apache-tomcat-9.0.52/webapps/examples/WEB-INF/classes/util/HTMLFilter.class
apache-tomcat-9.0.52/webapps/examples/WEB-INF/classes/util/HTMLFilter.java
apache-tomcat-9.0.52/webapps/examples/WEB-INF/classes/validators/DebugValidator.class
apache-tomcat-9.0.52/webapps/examples/WEB-INF/classes/validators/DebugValidator.java
apache-tomcat-9.0.52/webapps/examples/WEB-INF/classes/websocket/ExamplesConfig.class
apache-tomcat-9.0.52/webapps/examples/WEB-INF/classes/websocket/ExamplesConfig.java
apache-tomcat-9.0.52/webapps/examples/WEB-INF/classes/websocket/chat/ChatAnnotation.class
apache-tomcat-9.0.52/webapps/examples/WEB-INF/classes/websocket/chat/ChatAnnotation.java
apache-tomcat-9.0.52/webapps/examples/WEB-INF/classes/websocket/drawboard/Client$1.class
apache-tomcat-9.0.52/webapps/examples/WEB-INF/classes/websocket/drawboard/Client.class
apache-tomcat-9.0.52/webapps/examples/WEB-INF/classes/websocket/drawboard/Client.java
apache-tomcat-9.0.52/webapps/examples/WEB-INF/classes/websocket/drawboard/DrawMessage$ParseException.class
apache-tomcat-9.0.52/webapps/examples/WEB-INF/classes/websocket/drawboard/DrawMessage.class
apache-tomcat-9.0.52/webapps/examples/WEB-INF/classes/websocket/drawboard/DrawMessage.java
apache-tomcat-9.0.52/webapps/examples/WEB-INF/classes/websocket/drawboard/DrawboardContextListener.class
apache-tomcat-9.0.52/webapps/examples/WEB-INF/classes/websocket/drawboard/DrawboardContextListener.java
apache-tomcat-9.0.52/webapps/examples/WEB-INF/classes/websocket/drawboard/DrawboardEndpoint$1.class
apache-tomcat-9.0.52/webapps/examples/WEB-INF/classes/websocket/drawboard/DrawboardEndpoint$2.class
apache-tomcat-9.0.52/webapps/examples/WEB-INF/classes/websocket/drawboard/DrawboardEndpoint$3$1.class
apache-tomcat-9.0.52/webapps/examples/WEB-INF/classes/websocket/drawboard/DrawboardEndpoint$3.class
apache-tomcat-9.0.52/webapps/examples/WEB-INF/classes/websocket/drawboard/DrawboardEndpoint.class
apache-tomcat-9.0.52/webapps/examples/WEB-INF/classes/websocket/drawboard/DrawboardEndpoint.java
apache-tomcat-9.0.52/webapps/examples/WEB-INF/classes/websocket/drawboard/Room$1$1.class
apache-tomcat-9.0.52/webapps/examples/WEB-INF/classes/websocket/drawboard/Room$1.class
apache-tomcat-9.0.52/webapps/examples/WEB-INF/classes/websocket/drawboard/Room$2.class
apache-tomcat-9.0.52/webapps/examples/WEB-INF/classes/websocket/drawboard/Room$MessageType.class
apache-tomcat-9.0.52/webapps/examples/WEB-INF/classes/websocket/drawboard/Room$Player.class
apache-tomcat-9.0.52/webapps/examples/WEB-INF/classes/websocket/drawboard/Room.class
apache-tomcat-9.0.52/webapps/examples/WEB-INF/classes/websocket/drawboard/Room.java
apache-tomcat-9.0.52/webapps/examples/WEB-INF/classes/websocket/drawboard/wsmessages/AbstractWebsocketMessage.class
apache-tomcat-9.0.52/webapps/examples/WEB-INF/classes/websocket/drawboard/wsmessages/AbstractWebsocketMessage.java
apache-tomcat-9.0.52/webapps/examples/WEB-INF/classes/websocket/drawboard/wsmessages/BinaryWebsocketMessage.class
apache-tomcat-9.0.52/webapps/examples/WEB-INF/classes/websocket/drawboard/wsmessages/BinaryWebsocketMessage.java
apache-tomcat-9.0.52/webapps/examples/WEB-INF/classes/websocket/drawboard/wsmessages/CloseWebsocketMessage.class
apache-tomcat-9.0.52/webapps/examples/WEB-INF/classes/websocket/drawboard/wsmessages/CloseWebsocketMessage.java
apache-tomcat-9.0.52/webapps/examples/WEB-INF/classes/websocket/drawboard/wsmessages/StringWebsocketMessage.class
apache-tomcat-9.0.52/webapps/examples/WEB-INF/classes/websocket/drawboard/wsmessages/StringWebsocketMessage.java
apache-tomcat-9.0.52/webapps/examples/WEB-INF/classes/websocket/echo/EchoAnnotation.class
apache-tomcat-9.0.52/webapps/examples/WEB-INF/classes/websocket/echo/EchoAnnotation.java
apache-tomcat-9.0.52/webapps/examples/WEB-INF/classes/websocket/echo/EchoAsyncAnnotation$1.class
apache-tomcat-9.0.52/webapps/examples/WEB-INF/classes/websocket/echo/EchoAsyncAnnotation$CompletedFuture.class
apache-tomcat-9.0.52/webapps/examples/WEB-INF/classes/websocket/echo/EchoAsyncAnnotation.class
apache-tomcat-9.0.52/webapps/examples/WEB-INF/classes/websocket/echo/EchoAsyncAnnotation.java
apache-tomcat-9.0.52/webapps/examples/WEB-INF/classes/websocket/echo/EchoEndpoint$1.class
apache-tomcat-9.0.52/webapps/examples/WEB-INF/classes/websocket/echo/EchoEndpoint$EchoMessageHandlerBinary.class
apache-tomcat-9.0.52/webapps/examples/WEB-INF/classes/websocket/echo/EchoEndpoint$EchoMessageHandlerText.class
apache-tomcat-9.0.52/webapps/examples/WEB-INF/classes/websocket/echo/EchoEndpoint.class
apache-tomcat-9.0.52/webapps/examples/WEB-INF/classes/websocket/echo/EchoEndpoint.java
apache-tomcat-9.0.52/webapps/examples/WEB-INF/classes/websocket/echo/EchoStreamAnnotation.class
apache-tomcat-9.0.52/webapps/examples/WEB-INF/classes/websocket/echo/EchoStreamAnnotation.java
apache-tomcat-9.0.52/webapps/examples/WEB-INF/classes/websocket/echo/servers.json
apache-tomcat-9.0.52/webapps/examples/WEB-INF/classes/websocket/snake/Direction.class
apache-tomcat-9.0.52/webapps/examples/WEB-INF/classes/websocket/snake/Direction.java
apache-tomcat-9.0.52/webapps/examples/WEB-INF/classes/websocket/snake/Location$1.class
apache-tomcat-9.0.52/webapps/examples/WEB-INF/classes/websocket/snake/Location.class
apache-tomcat-9.0.52/webapps/examples/WEB-INF/classes/websocket/snake/Location.java
apache-tomcat-9.0.52/webapps/examples/WEB-INF/classes/websocket/snake/Snake.class
apache-tomcat-9.0.52/webapps/examples/WEB-INF/classes/websocket/snake/Snake.java
apache-tomcat-9.0.52/webapps/examples/WEB-INF/classes/websocket/snake/SnakeAnnotation.class
apache-tomcat-9.0.52/webapps/examples/WEB-INF/classes/websocket/snake/SnakeAnnotation.java
apache-tomcat-9.0.52/webapps/examples/WEB-INF/classes/websocket/snake/SnakeTimer$1.class
apache-tomcat-9.0.52/webapps/examples/WEB-INF/classes/websocket/snake/SnakeTimer.class
apache-tomcat-9.0.52/webapps/examples/WEB-INF/classes/websocket/snake/SnakeTimer.java
apache-tomcat-9.0.52/webapps/examples/WEB-INF/jsp/applet/Clock2.java
apache-tomcat-9.0.52/webapps/examples/WEB-INF/jsp/debug-taglib.tld
apache-tomcat-9.0.52/webapps/examples/WEB-INF/jsp/example-taglib.tld
apache-tomcat-9.0.52/webapps/examples/WEB-INF/jsp2/jsp2-example-taglib.tld
apache-tomcat-9.0.52/webapps/examples/WEB-INF/lib/taglibs-standard-impl-1.2.5.jar
apache-tomcat-9.0.52/webapps/examples/WEB-INF/lib/taglibs-standard-spec-1.2.5.jar
apache-tomcat-9.0.52/webapps/examples/WEB-INF/tags/displayProducts.tag
apache-tomcat-9.0.52/webapps/examples/WEB-INF/tags/helloWorld.tag
apache-tomcat-9.0.52/webapps/examples/WEB-INF/tags/panel.tag
apache-tomcat-9.0.52/webapps/examples/WEB-INF/web.xml
apache-tomcat-9.0.52/webapps/examples/index.html
apache-tomcat-9.0.52/webapps/examples/jsp/async/async1.jsp
apache-tomcat-9.0.52/webapps/examples/jsp/async/async1.jsp.html
apache-tomcat-9.0.52/webapps/examples/jsp/async/async3.jsp
apache-tomcat-9.0.52/webapps/examples/jsp/async/async3.jsp.html
apache-tomcat-9.0.52/webapps/examples/jsp/async/index.jsp
apache-tomcat-9.0.52/webapps/examples/jsp/async/index.jsp.html
apache-tomcat-9.0.52/webapps/examples/jsp/cal/Entries.java.html
apache-tomcat-9.0.52/webapps/examples/jsp/cal/Entry.java.html
apache-tomcat-9.0.52/webapps/examples/jsp/cal/JspCalendar.java.html
apache-tomcat-9.0.52/webapps/examples/jsp/cal/TableBean.java.html
apache-tomcat-9.0.52/webapps/examples/jsp/cal/cal1.jsp
apache-tomcat-9.0.52/webapps/examples/jsp/cal/cal1.jsp.html
apache-tomcat-9.0.52/webapps/examples/jsp/cal/cal2.jsp
apache-tomcat-9.0.52/webapps/examples/jsp/cal/cal2.jsp.html
apache-tomcat-9.0.52/webapps/examples/jsp/cal/calendar.html
apache-tomcat-9.0.52/webapps/examples/jsp/cal/login.html
apache-tomcat-9.0.52/webapps/examples/jsp/checkbox/CheckTest.html
apache-tomcat-9.0.52/webapps/examples/jsp/checkbox/check.html
apache-tomcat-9.0.52/webapps/examples/jsp/checkbox/checkresult.jsp
apache-tomcat-9.0.52/webapps/examples/jsp/checkbox/checkresult.jsp.html
apache-tomcat-9.0.52/webapps/examples/jsp/checkbox/cresult.html
apache-tomcat-9.0.52/webapps/examples/jsp/colors/ColorGameBean.html
apache-tomcat-9.0.52/webapps/examples/jsp/colors/clr.html
apache-tomcat-9.0.52/webapps/examples/jsp/colors/colors.html
apache-tomcat-9.0.52/webapps/examples/jsp/colors/colrs.jsp
apache-tomcat-9.0.52/webapps/examples/jsp/colors/colrs.jsp.html
apache-tomcat-9.0.52/webapps/examples/jsp/dates/date.html
apache-tomcat-9.0.52/webapps/examples/jsp/dates/date.jsp
apache-tomcat-9.0.52/webapps/examples/jsp/dates/date.jsp.html
apache-tomcat-9.0.52/webapps/examples/jsp/error/er.html
apache-tomcat-9.0.52/webapps/examples/jsp/error/err.jsp
apache-tomcat-9.0.52/webapps/examples/jsp/error/err.jsp.html
apache-tomcat-9.0.52/webapps/examples/jsp/error/error.html
apache-tomcat-9.0.52/webapps/examples/jsp/error/errorpge.jsp
apache-tomcat-9.0.52/webapps/examples/jsp/error/errorpge.jsp.html
apache-tomcat-9.0.52/webapps/examples/jsp/forward/forward.jsp
apache-tomcat-9.0.52/webapps/examples/jsp/forward/forward.jsp.html
apache-tomcat-9.0.52/webapps/examples/jsp/forward/fwd.html
apache-tomcat-9.0.52/webapps/examples/jsp/forward/one.jsp
apache-tomcat-9.0.52/webapps/examples/jsp/forward/one.jsp.html
apache-tomcat-9.0.52/webapps/examples/jsp/forward/two.html
apache-tomcat-9.0.52/webapps/examples/jsp/images/code.gif
apache-tomcat-9.0.52/webapps/examples/jsp/images/execute.gif
apache-tomcat-9.0.52/webapps/examples/jsp/images/return.gif
apache-tomcat-9.0.52/webapps/examples/jsp/include/foo.html
apache-tomcat-9.0.52/webapps/examples/jsp/include/foo.jsp
apache-tomcat-9.0.52/webapps/examples/jsp/include/foo.jsp.html
apache-tomcat-9.0.52/webapps/examples/jsp/include/inc.html
apache-tomcat-9.0.52/webapps/examples/jsp/include/include.jsp
apache-tomcat-9.0.52/webapps/examples/jsp/include/include.jsp.html
apache-tomcat-9.0.52/webapps/examples/jsp/index.html
apache-tomcat-9.0.52/webapps/examples/jsp/jsp2/el/Functions.java.html
apache-tomcat-9.0.52/webapps/examples/jsp/jsp2/el/ValuesBean.java.html
apache-tomcat-9.0.52/webapps/examples/jsp/jsp2/el/ValuesTag.java.html
apache-tomcat-9.0.52/webapps/examples/jsp/jsp2/el/basic-arithmetic.html
apache-tomcat-9.0.52/webapps/examples/jsp/jsp2/el/basic-arithmetic.jsp
apache-tomcat-9.0.52/webapps/examples/jsp/jsp2/el/basic-arithmetic.jsp.html
apache-tomcat-9.0.52/webapps/examples/jsp/jsp2/el/basic-comparisons.html
apache-tomcat-9.0.52/webapps/examples/jsp/jsp2/el/basic-comparisons.jsp
apache-tomcat-9.0.52/webapps/examples/jsp/jsp2/el/basic-comparisons.jsp.html
apache-tomcat-9.0.52/webapps/examples/jsp/jsp2/el/composite.html
apache-tomcat-9.0.52/webapps/examples/jsp/jsp2/el/composite.jsp
apache-tomcat-9.0.52/webapps/examples/jsp/jsp2/el/composite.jsp.html
apache-tomcat-9.0.52/webapps/examples/jsp/jsp2/el/functions.html
apache-tomcat-9.0.52/webapps/examples/jsp/jsp2/el/functions.jsp
apache-tomcat-9.0.52/webapps/examples/jsp/jsp2/el/functions.jsp.html
apache-tomcat-9.0.52/webapps/examples/jsp/jsp2/el/implicit-objects.html
apache-tomcat-9.0.52/webapps/examples/jsp/jsp2/el/implicit-objects.jsp
apache-tomcat-9.0.52/webapps/examples/jsp/jsp2/el/implicit-objects.jsp.html
apache-tomcat-9.0.52/webapps/examples/jsp/jsp2/jspattribute/FooBean.java.html
apache-tomcat-9.0.52/webapps/examples/jsp/jsp2/jspattribute/HelloWorldSimpleTag.java.html
apache-tomcat-9.0.52/webapps/examples/jsp/jsp2/jspattribute/ShuffleSimpleTag.java.html
apache-tomcat-9.0.52/webapps/examples/jsp/jsp2/jspattribute/TileSimpleTag.java.html
apache-tomcat-9.0.52/webapps/examples/jsp/jsp2/jspattribute/jspattribute.html
apache-tomcat-9.0.52/webapps/examples/jsp/jsp2/jspattribute/jspattribute.jsp
apache-tomcat-9.0.52/webapps/examples/jsp/jsp2/jspattribute/jspattribute.jsp.html
apache-tomcat-9.0.52/webapps/examples/jsp/jsp2/jspattribute/shuffle.html
apache-tomcat-9.0.52/webapps/examples/jsp/jsp2/jspattribute/shuffle.jsp
apache-tomcat-9.0.52/webapps/examples/jsp/jsp2/jspattribute/shuffle.jsp.html
apache-tomcat-9.0.52/webapps/examples/jsp/jsp2/jspx/basic.html
apache-tomcat-9.0.52/webapps/examples/jsp/jsp2/jspx/basic.jspx
apache-tomcat-9.0.52/webapps/examples/jsp/jsp2/jspx/basic.jspx.html
apache-tomcat-9.0.52/webapps/examples/jsp/jsp2/jspx/svgexample.html
apache-tomcat-9.0.52/webapps/examples/jsp/jsp2/jspx/textRotate.html
apache-tomcat-9.0.52/webapps/examples/jsp/jsp2/jspx/textRotate.jpg
apache-tomcat-9.0.52/webapps/examples/jsp/jsp2/jspx/textRotate.jspx
apache-tomcat-9.0.52/webapps/examples/jsp/jsp2/jspx/textRotate.jspx.html
apache-tomcat-9.0.52/webapps/examples/jsp/jsp2/misc/EchoAttributesTag.java.html
apache-tomcat-9.0.52/webapps/examples/jsp/jsp2/misc/coda.jspf
apache-tomcat-9.0.52/webapps/examples/jsp/jsp2/misc/coda.jspf.html
apache-tomcat-9.0.52/webapps/examples/jsp/jsp2/misc/config.html
apache-tomcat-9.0.52/webapps/examples/jsp/jsp2/misc/config.jsp
apache-tomcat-9.0.52/webapps/examples/jsp/jsp2/misc/config.jsp.html
apache-tomcat-9.0.52/webapps/examples/jsp/jsp2/misc/dynamicattrs.html
apache-tomcat-9.0.52/webapps/examples/jsp/jsp2/misc/dynamicattrs.jsp
apache-tomcat-9.0.52/webapps/examples/jsp/jsp2/misc/dynamicattrs.jsp.html
apache-tomcat-9.0.52/webapps/examples/jsp/jsp2/misc/prelude.jspf
apache-tomcat-9.0.52/webapps/examples/jsp/jsp2/misc/prelude.jspf.html
apache-tomcat-9.0.52/webapps/examples/jsp/jsp2/simpletag/BookBean.java.html
apache-tomcat-9.0.52/webapps/examples/jsp/jsp2/simpletag/FindBookSimpleTag.java.html
apache-tomcat-9.0.52/webapps/examples/jsp/jsp2/simpletag/Functions.java.html
apache-tomcat-9.0.52/webapps/examples/jsp/jsp2/simpletag/HelloWorldSimpleTag.java.html
apache-tomcat-9.0.52/webapps/examples/jsp/jsp2/simpletag/RepeatSimpleTag.java.html
apache-tomcat-9.0.52/webapps/examples/jsp/jsp2/simpletag/book.html
apache-tomcat-9.0.52/webapps/examples/jsp/jsp2/simpletag/book.jsp
apache-tomcat-9.0.52/webapps/examples/jsp/jsp2/simpletag/book.jsp.html
apache-tomcat-9.0.52/webapps/examples/jsp/jsp2/simpletag/hello.html
apache-tomcat-9.0.52/webapps/examples/jsp/jsp2/simpletag/hello.jsp
apache-tomcat-9.0.52/webapps/examples/jsp/jsp2/simpletag/hello.jsp.html
apache-tomcat-9.0.52/webapps/examples/jsp/jsp2/simpletag/repeat.html
apache-tomcat-9.0.52/webapps/examples/jsp/jsp2/simpletag/repeat.jsp
apache-tomcat-9.0.52/webapps/examples/jsp/jsp2/simpletag/repeat.jsp.html
apache-tomcat-9.0.52/webapps/examples/jsp/jsp2/tagfiles/displayProducts.tag.html
apache-tomcat-9.0.52/webapps/examples/jsp/jsp2/tagfiles/hello.html
apache-tomcat-9.0.52/webapps/examples/jsp/jsp2/tagfiles/hello.jsp
apache-tomcat-9.0.52/webapps/examples/jsp/jsp2/tagfiles/hello.jsp.html
apache-tomcat-9.0.52/webapps/examples/jsp/jsp2/tagfiles/helloWorld.tag.html
apache-tomcat-9.0.52/webapps/examples/jsp/jsp2/tagfiles/panel.html
apache-tomcat-9.0.52/webapps/examples/jsp/jsp2/tagfiles/panel.jsp
apache-tomcat-9.0.52/webapps/examples/jsp/jsp2/tagfiles/panel.jsp.html
apache-tomcat-9.0.52/webapps/examples/jsp/jsp2/tagfiles/panel.tag.html
apache-tomcat-9.0.52/webapps/examples/jsp/jsp2/tagfiles/products.html
apache-tomcat-9.0.52/webapps/examples/jsp/jsp2/tagfiles/products.jsp
apache-tomcat-9.0.52/webapps/examples/jsp/jsp2/tagfiles/products.jsp.html
apache-tomcat-9.0.52/webapps/examples/jsp/jsptoserv/ServletToJsp.java.html
apache-tomcat-9.0.52/webapps/examples/jsp/jsptoserv/hello.jsp
apache-tomcat-9.0.52/webapps/examples/jsp/jsptoserv/hello.jsp.html
apache-tomcat-9.0.52/webapps/examples/jsp/jsptoserv/jsptoservlet.jsp
apache-tomcat-9.0.52/webapps/examples/jsp/jsptoserv/jsptoservlet.jsp.html
apache-tomcat-9.0.52/webapps/examples/jsp/jsptoserv/jts.html
apache-tomcat-9.0.52/webapps/examples/jsp/num/numguess.html
apache-tomcat-9.0.52/webapps/examples/jsp/num/numguess.jsp
apache-tomcat-9.0.52/webapps/examples/jsp/num/numguess.jsp.html
apache-tomcat-9.0.52/webapps/examples/jsp/plugin/applet/Clock2.class
apache-tomcat-9.0.52/webapps/examples/jsp/plugin/applet/Clock2.java
apache-tomcat-9.0.52/webapps/examples/jsp/plugin/plugin.html
apache-tomcat-9.0.52/webapps/examples/jsp/plugin/plugin.jsp
apache-tomcat-9.0.52/webapps/examples/jsp/plugin/plugin.jsp.html
apache-tomcat-9.0.52/webapps/examples/jsp/security/protected/error.jsp
apache-tomcat-9.0.52/webapps/examples/jsp/security/protected/error.jsp.html
apache-tomcat-9.0.52/webapps/examples/jsp/security/protected/index.jsp
apache-tomcat-9.0.52/webapps/examples/jsp/security/protected/index.jsp.html
apache-tomcat-9.0.52/webapps/examples/jsp/security/protected/login.jsp
apache-tomcat-9.0.52/webapps/examples/jsp/security/protected/login.jsp.html
apache-tomcat-9.0.52/webapps/examples/jsp/sessions/DummyCart.html
apache-tomcat-9.0.52/webapps/examples/jsp/sessions/carts.html
apache-tomcat-9.0.52/webapps/examples/jsp/sessions/carts.jsp
apache-tomcat-9.0.52/webapps/examples/jsp/sessions/carts.jsp.html
apache-tomcat-9.0.52/webapps/examples/jsp/sessions/crt.html
apache-tomcat-9.0.52/webapps/examples/jsp/simpletag/foo.html
apache-tomcat-9.0.52/webapps/examples/jsp/simpletag/foo.jsp
apache-tomcat-9.0.52/webapps/examples/jsp/simpletag/foo.jsp.html
apache-tomcat-9.0.52/webapps/examples/jsp/snp/snoop.html
apache-tomcat-9.0.52/webapps/examples/jsp/snp/snoop.jsp
apache-tomcat-9.0.52/webapps/examples/jsp/snp/snoop.jsp.html
apache-tomcat-9.0.52/webapps/examples/jsp/tagplugin/choose.html
apache-tomcat-9.0.52/webapps/examples/jsp/tagplugin/choose.jsp
apache-tomcat-9.0.52/webapps/examples/jsp/tagplugin/choose.jsp.html
apache-tomcat-9.0.52/webapps/examples/jsp/tagplugin/foreach.html
apache-tomcat-9.0.52/webapps/examples/jsp/tagplugin/foreach.jsp
apache-tomcat-9.0.52/webapps/examples/jsp/tagplugin/foreach.jsp.html
apache-tomcat-9.0.52/webapps/examples/jsp/tagplugin/howto.html
apache-tomcat-9.0.52/webapps/examples/jsp/tagplugin/if.html
apache-tomcat-9.0.52/webapps/examples/jsp/tagplugin/if.jsp
apache-tomcat-9.0.52/webapps/examples/jsp/tagplugin/if.jsp.html
apache-tomcat-9.0.52/webapps/examples/jsp/tagplugin/notes.html
apache-tomcat-9.0.52/webapps/examples/jsp/xml/xml.html
apache-tomcat-9.0.52/webapps/examples/jsp/xml/xml.jsp
apache-tomcat-9.0.52/webapps/examples/jsp/xml/xml.jsp.html
apache-tomcat-9.0.52/webapps/examples/servlets/cookies.html
apache-tomcat-9.0.52/webapps/examples/servlets/helloworld.html
apache-tomcat-9.0.52/webapps/examples/servlets/images/code.gif
apache-tomcat-9.0.52/webapps/examples/servlets/images/execute.gif
apache-tomcat-9.0.52/webapps/examples/servlets/images/return.gif
apache-tomcat-9.0.52/webapps/examples/servlets/index.html
apache-tomcat-9.0.52/webapps/examples/servlets/nonblocking/bytecounter.html
apache-tomcat-9.0.52/webapps/examples/servlets/reqheaders.html
apache-tomcat-9.0.52/webapps/examples/servlets/reqinfo.html
apache-tomcat-9.0.52/webapps/examples/servlets/reqparams.html
apache-tomcat-9.0.52/webapps/examples/servlets/sessions.html
apache-tomcat-9.0.52/webapps/examples/websocket/chat.xhtml
apache-tomcat-9.0.52/webapps/examples/websocket/drawboard.xhtml
apache-tomcat-9.0.52/webapps/examples/websocket/echo.xhtml
apache-tomcat-9.0.52/webapps/examples/websocket/index.xhtml
apache-tomcat-9.0.52/webapps/examples/websocket/snake.xhtml
apache-tomcat-9.0.52/webapps/host-manager/META-INF/context.xml
apache-tomcat-9.0.52/webapps/host-manager/WEB-INF/jsp/401.jsp
apache-tomcat-9.0.52/webapps/host-manager/WEB-INF/jsp/403.jsp
apache-tomcat-9.0.52/webapps/host-manager/WEB-INF/jsp/404.jsp
apache-tomcat-9.0.52/webapps/host-manager/WEB-INF/manager.xml
apache-tomcat-9.0.52/webapps/host-manager/WEB-INF/web.xml
apache-tomcat-9.0.52/webapps/host-manager/css/manager.css
apache-tomcat-9.0.52/webapps/host-manager/images/asf-logo.svg
apache-tomcat-9.0.52/webapps/host-manager/images/tomcat.svg
apache-tomcat-9.0.52/webapps/host-manager/index.jsp
apache-tomcat-9.0.52/webapps/manager/META-INF/context.xml
apache-tomcat-9.0.52/webapps/manager/WEB-INF/jsp/401.jsp
apache-tomcat-9.0.52/webapps/manager/WEB-INF/jsp/403.jsp
apache-tomcat-9.0.52/webapps/manager/WEB-INF/jsp/404.jsp
apache-tomcat-9.0.52/webapps/manager/WEB-INF/jsp/connectorCerts.jsp
apache-tomcat-9.0.52/webapps/manager/WEB-INF/jsp/connectorCiphers.jsp
apache-tomcat-9.0.52/webapps/manager/WEB-INF/jsp/connectorTrustedCerts.jsp
apache-tomcat-9.0.52/webapps/manager/WEB-INF/jsp/sessionDetail.jsp
apache-tomcat-9.0.52/webapps/manager/WEB-INF/jsp/sessionsList.jsp
apache-tomcat-9.0.52/webapps/manager/WEB-INF/web.xml
apache-tomcat-9.0.52/webapps/manager/css/manager.css
apache-tomcat-9.0.52/webapps/manager/images/asf-logo.svg
apache-tomcat-9.0.52/webapps/manager/images/tomcat.svg
apache-tomcat-9.0.52/webapps/manager/index.jsp
apache-tomcat-9.0.52/webapps/manager/status.xsd
apache-tomcat-9.0.52/webapps/manager/xform.xsl
apache-tomcat-9.0.52/bin/catalina.sh
apache-tomcat-9.0.52/bin/ciphers.sh
apache-tomcat-9.0.52/bin/configtest.sh
apache-tomcat-9.0.52/bin/daemon.sh
apache-tomcat-9.0.52/bin/digest.sh
apache-tomcat-9.0.52/bin/makebase.sh
apache-tomcat-9.0.52/bin/setclasspath.sh
apache-tomcat-9.0.52/bin/shutdown.sh
apache-tomcat-9.0.52/bin/startup.sh
apache-tomcat-9.0.52/bin/tool-wrapper.sh
apache-tomcat-9.0.52/bin/version.sh
[root@ip-172-31-18-20 tomcat]# ls
apache-tomcat-9.0.52  apache-tomcat-9.0.52.tar.gz
[root@ip-172-31-18-20 tomcat]# cd apache-tomcat-9.0.52/
[root@ip-172-31-18-20 apache-tomcat-9.0.52]# cd bin/
[root@ip-172-31-18-20 bin]# ./startup.sh
Using CATALINA_BASE:   /home/ec2-user/tomcat/apache-tomcat-9.0.52
Using CATALINA_HOME:   /home/ec2-user/tomcat/apache-tomcat-9.0.52
Using CATALINA_TMPDIR: /home/ec2-user/tomcat/apache-tomcat-9.0.52/temp
Using JRE_HOME:        /
Using CLASSPATH:       /home/ec2-user/tomcat/apache-tomcat-9.0.52/bin/bootstrap.jar:/home/ec2-user/tomcat/apache-tomcat-9.0.52/bin/tomcat-juli.jar
Using CATALINA_OPTS:
Tomcat started.
[root@ip-172-31-18-20 bin]# ls
bootstrap.jar       ciphers.sh                    daemon.sh     setclasspath.bat  startup.sh            version.bat
catalina.bat        commons-daemon.jar            digest.bat    setclasspath.sh   tomcat-juli.jar       version.sh
catalina.sh         commons-daemon-native.tar.gz  digest.sh     shutdown.bat      tomcat-native.tar.gz
catalina-tasks.xml  configtest.bat                makebase.bat  shutdown.sh       tool-wrapper.bat
ciphers.bat         configtest.sh                 makebase.sh   startup.bat       tool-wrapper.sh
[root@ip-172-31-18-20 bin]#
[root@ip-172-31-18-20 bin]# vim catalina-tasks.xml
[root@ip-172-31-18-20 bin]# pwd
/home/ec2-user/tomcat/apache-tomcat-9.0.52/bin
[root@ip-172-31-18-20 bin]# cd ..
[root@ip-172-31-18-20 apache-tomcat-9.0.52]# ls
bin  BUILDING.txt  conf  CONTRIBUTING.md  lib  LICENSE  logs  NOTICE  README.md  RELEASE-NOTES  RUNNING.txt  temp  webapps  work
[root@ip-172-31-18-20 apache-tomcat-9.0.52]# pwd
/home/ec2-user/tomcat/apache-tomcat-9.0.52
[root@ip-172-31-18-20 apache-tomcat-9.0.52]# ls
bin  BUILDING.txt  conf  CONTRIBUTING.md  lib  LICENSE  logs  NOTICE  README.md  RELEASE-NOTES  RUNNING.txt  temp  webapps  work
[root@ip-172-31-18-20 apache-tomcat-9.0.52]# mkdir webapp
[root@ip-172-31-18-20 apache-tomcat-9.0.52]# cd webapp
[root@ip-172-31-18-20 webapp]# ls
[root@ip-172-31-18-20 webapp]# pwd
/home/ec2-user/tomcat/apache-tomcat-9.0.52/webapp
[root@ip-172-31-18-20 webapp]# cd ..
[root@ip-172-31-18-20 apache-tomcat-9.0.52]# ls
bin  BUILDING.txt  conf  CONTRIBUTING.md  lib  LICENSE  logs  NOTICE  README.md  RELEASE-NOTES  RUNNING.txt  temp  webapp  webapps  work
[root@ip-172-31-18-20 apache-tomcat-9.0.52]# pwd
/home/ec2-user/tomcat/apache-tomcat-9.0.52
[root@ip-172-31-18-20 apache-tomcat-9.0.52]# cd ..
[root@ip-172-31-18-20 tomcat]# ls
apache-tomcat-9.0.52  apache-tomcat-9.0.52.tar.gz
[root@ip-172-31-18-20 tomcat]# pwd
/home/ec2-user/tomcat
[root@ip-172-31-18-20 tomcat]# mkdir webapps
[root@ip-172-31-18-20 tomcat]# ls
apache-tomcat-9.0.52  apache-tomcat-9.0.52.tar.gz  webapps
[root@ip-172-31-18-20 tomcat]# cd webapps
[root@ip-172-31-18-20 webapps]# ls
[root@ip-172-31-18-20 webapps]# pwd
/home/ec2-user/tomcat/webapps
[root@ip-172-31-18-20 webapps]# vim apache-tomcat-9.0.52/conf/tomcat-user.xml
[root@ip-172-31-18-20 webapps]# ls
[root@ip-172-31-18-20 webapps]# pwd
/home/ec2-user/tomcat/webapps
[root@ip-172-31-18-20 webapps]# ls
[root@ip-172-31-18-20 webapps]# pwd
/home/ec2-user/tomcat/webapps
[root@ip-172-31-18-20 webapps]# cd ..
[root@ip-172-31-18-20 tomcat]# ls
apache-tomcat-9.0.52  apache-tomcat-9.0.52.tar.gz  webapps
[root@ip-172-31-18-20 tomcat]# cd webapps
[root@ip-172-31-18-20 webapps]# ls
[root@ip-172-31-18-20 webapps]# pwd
/home/ec2-user/tomcat/webapps
[root@ip-172-31-18-20 webapps]# ls
[root@ip-172-31-18-20 webapps]# cd ..
[root@ip-172-31-18-20 tomcat]# ls
apache-tomcat-9.0.52  apache-tomcat-9.0.52.tar.gz  webapps
[root@ip-172-31-18-20 tomcat]#  ls
apache-tomcat-9.0.52  apache-tomcat-9.0.52.tar.gz  webapps
[root@ip-172-31-18-20 tomcat]# cd webapps/
[root@ip-172-31-18-20 webapps]# ^C
[root@ip-172-31-18-20 webapps]# cd apache-tomcat-9.0.52/
bash: cd: apache-tomcat-9.0.52/: No such file or directory
[root@ip-172-31-18-20 webapps]# ls
[root@ip-172-31-18-20 webapps]# pwd
/home/ec2-user/tomcat/webapps
[root@ip-172-31-18-20 webapps]# cd ..
[root@ip-172-31-18-20 tomcat]# ls
apache-tomcat-9.0.52  apache-tomcat-9.0.52.tar.gz  webapps
[root@ip-172-31-18-20 tomcat]# cd apache-tomcat-9.0.52
[root@ip-172-31-18-20 apache-tomcat-9.0.52]# cd bin
[root@ip-172-31-18-20 bin]# ls
bootstrap.jar       ciphers.sh                    daemon.sh     setclasspath.bat  startup.sh            version.bat
catalina.bat        commons-daemon.jar            digest.bat    setclasspath.sh   tomcat-juli.jar       version.sh
catalina.sh         commons-daemon-native.tar.gz  digest.sh     shutdown.bat      tomcat-native.tar.gz
catalina-tasks.xml  configtest.bat                makebase.bat  shutdown.sh       tool-wrapper.bat
ciphers.bat         configtest.sh                 makebase.sh   startup.bat       tool-wrapper.sh
[root@ip-172-31-18-20 bin]# cd ..
[root@ip-172-31-18-20 apache-tomcat-9.0.52]# ls
bin  BUILDING.txt  conf  CONTRIBUTING.md  lib  LICENSE  logs  NOTICE  README.md  RELEASE-NOTES  RUNNING.txt  temp  webapp  webapps  work
[root@ip-172-31-18-20 apache-tomcat-9.0.52]# cd conf
[root@ip-172-31-18-20 conf]# ls
Catalina         catalina.properties  jaspic-providers.xml  logging.properties  tomcat-users.xml  web.xml
catalina.policy  context.xml          jaspic-providers.xsd  server.xml          tomcat-users.xsd
[root@ip-172-31-18-20 conf]# vim tomcat-users.xml
[root@ip-172-31-18-20 conf]# cd ..
[root@ip-172-31-18-20 apache-tomcat-9.0.52]# cd webapps
[root@ip-172-31-18-20 webapps]# cat > index.html
<html>
<head><title>jigar</title></head>
<body>
<h1>mca</h1>
<h1>pgdca</h1>
</body>
</html>[root@ip-172-31-18-20 webapps]# ls
docs  examples  host-manager  index.html  manager  ROOT
[root@ip-172-31-18-20 webapps]# mkdir jigar
[root@ip-172-31-18-20 webapps]# mkdir WEB-INF
[root@ip-172-31-18-20 webapps]# cd WEB-INF/
[root@ip-172-31-18-20 WEB-INF]# mkdir classis
[root@ip-172-31-18-20 WEB-INF]# mkdir lib
[root@ip-172-31-18-20 WEB-INF]# ls
classis  lib
[root@ip-172-31-18-20 WEB-INF]# cd ..
[root@ip-172-31-18-20 webapps]# ls
docs  examples  host-manager  index.html  jigar  manager  ROOT  WEB-INF
[root@ip-172-31-18-20 webapps]# cd host-manager/
[root@ip-172-31-18-20 host-manager]# ls
css  images  index.jsp  META-INF  WEB-INF
[root@ip-172-31-18-20 host-manager]# cd META-INF/
[root@ip-172-31-18-20 META-INF]# ls
context.xml
[root@ip-172-31-18-20 META-INF]# vim context.xml
[root@ip-172-31-18-20 META-INF]# cd ..
[root@ip-172-31-18-20 host-manager]# ls
css  images  index.jsp  META-INF  WEB-INF
[root@ip-172-31-18-20 host-manager]# cd ..
[root@ip-172-31-18-20 webapps]# ls
docs  examples  host-manager  index.html  jigar  manager  ROOT  WEB-INF
[root@ip-172-31-18-20 webapps]# cd manager/
[root@ip-172-31-18-20 manager]# ls
css  images  index.jsp  META-INF  status.xsd  WEB-INF  xform.xsl
[root@ip-172-31-18-20 manager]# cd META-INF/
[root@ip-172-31-18-20 META-INF]# ls
context.xml
[root@ip-172-31-18-20 META-INF]# vim context.xml
[root@ip-172-31-18-20 META-INF]# cd ..
[root@ip-172-31-18-20 manager]# cd ..
[root@ip-172-31-18-20 webapps]# ls
docs  examples  host-manager  index.html  jigar  manager  ROOT  WEB-INF
[root@ip-172-31-18-20 webapps]# cd ..
[root@ip-172-31-18-20 apache-tomcat-9.0.52]# ls
bin  BUILDING.txt  conf  CONTRIBUTING.md  lib  LICENSE  logs  NOTICE  README.md  RELEASE-NOTES  RUNNING.txt  temp  webapp  webapps  work
[root@ip-172-31-18-20 apache-tomcat-9.0.52]# cd bin
[root@ip-172-31-18-20 bin]# ls
bootstrap.jar       ciphers.sh                    daemon.sh     setclasspath.bat  startup.sh            version.bat
catalina.bat        commons-daemon.jar            digest.bat    setclasspath.sh   tomcat-juli.jar       version.sh
catalina.sh         commons-daemon-native.tar.gz  digest.sh     shutdown.bat      tomcat-native.tar.gz
catalina-tasks.xml  configtest.bat                makebase.bat  shutdown.sh       tool-wrapper.bat
ciphers.bat         configtest.sh                 makebase.sh   startup.bat       tool-wrapper.sh
[root@ip-172-31-18-20 bin]# sh s
setclasspath.bat  setclasspath.sh   shutdown.bat      shutdown.sh       startup.bat       startup.sh
[root@ip-172-31-18-20 bin]# sh startup.sh
Using CATALINA_BASE:   /home/ec2-user/tomcat/apache-tomcat-9.0.52
Using CATALINA_HOME:   /home/ec2-user/tomcat/apache-tomcat-9.0.52
Using CATALINA_TMPDIR: /home/ec2-user/tomcat/apache-tomcat-9.0.52/temp
Using JRE_HOME:        /
Using CLASSPATH:       /home/ec2-user/tomcat/apache-tomcat-9.0.52/bin/bootstrap.jar:/home/ec2-user/tomcat/apache-tomcat-9.0.52/bin/tomcat-juli.jar
Using CATALINA_OPTS:
Tomcat started.
[root@ip-172-31-18-20 bin]# cd ..
[root@ip-172-31-18-20 apache-tomcat-9.0.52]# cd w
webapp/  webapps/ work/
[root@ip-172-31-18-20 apache-tomcat-9.0.52]# cd webapp
[root@ip-172-31-18-20 webapp]# ls
[root@ip-172-31-18-20 webapp]# ls
[root@ip-172-31-18-20 webapp]# pwd
/home/ec2-user/tomcat/apache-tomcat-9.0.52/webapp
[root@ip-172-31-18-20 webapp]# cd .
[root@ip-172-31-18-20 webapp]# cd  ..
[root@ip-172-31-18-20 apache-tomcat-9.0.52]# cd bin/
[root@ip-172-31-18-20 bin]# ls
bootstrap.jar       ciphers.sh                    daemon.sh     setclasspath.bat  startup.sh            version.bat
catalina.bat        commons-daemon.jar            digest.bat    setclasspath.sh   tomcat-juli.jar       version.sh
catalina.sh         commons-daemon-native.tar.gz  digest.sh     shutdown.bat      tomcat-native.tar.gz
catalina-tasks.xml  configtest.bat                makebase.bat  shutdown.sh       tool-wrapper.bat
ciphers.bat         configtest.sh                 makebase.sh   startup.bat       tool-wrapper.sh
[root@ip-172-31-18-20 bin]# sh shutdown.sh
Using CATALINA_BASE:   /home/ec2-user/tomcat/apache-tomcat-9.0.52
Using CATALINA_HOME:   /home/ec2-user/tomcat/apache-tomcat-9.0.52
Using CATALINA_TMPDIR: /home/ec2-user/tomcat/apache-tomcat-9.0.52/temp
Using JRE_HOME:        /
Using CLASSPATH:       /home/ec2-user/tomcat/apache-tomcat-9.0.52/bin/bootstrap.jar:/home/ec2-user/tomcat/apache-tomcat-9.0.52/bin/tomcat-juli.jar
Using CATALINA_OPTS:
NOTE: Picked up JDK_JAVA_OPTIONS:  --add-opens=java.base/java.lang=ALL-UNNAMED --add-opens=java.base/java.io=ALL-UNNAMED --add-opens=java.base/java.util=ALL-UNNAMED --add-opens=java.base/java.util.concurrent=ALL-UNNAMED --add-opens=java.rmi/sun.rmi.transport=ALL-UNNAMED
[root@ip-172-31-18-20 bin]# cd ..
[root@ip-172-31-18-20 apache-tomcat-9.0.52]# cd webapp
[root@ip-172-31-18-20 webapp]# ls
[root@ip-172-31-18-20 webapp]# cd webapps
bash: cd: webapps: No such file or directory
[root@ip-172-31-18-20 webapp]# ls
[root@ip-172-31-18-20 webapp]# cd ..
[root@ip-172-31-18-20 apache-tomcat-9.0.52]# ls
bin  BUILDING.txt  conf  CONTRIBUTING.md  lib  LICENSE  logs  NOTICE  README.md  RELEASE-NOTES  RUNNING.txt  temp  webapp  webapps  work
[root@ip-172-31-18-20 apache-tomcat-9.0.52]# cd webapp
webapp/  webapps/
[root@ip-172-31-18-20 apache-tomcat-9.0.52]# cd webapps/
[root@ip-172-31-18-20 webapps]# ls
docs  examples  host-manager  index.html  jigar  manager  ROOT  WEB-INF
[root@ip-172-31-18-20 webapps]# cd jigar/
[root@ip-172-31-18-20 jigar]# cat > index.html
<html>
<head>
<title demo</title>
</head>
<body>
hello
</body>
</html>
[root@ip-172-31-18-20 jigar]# cd ..
[root@ip-172-31-18-20 webapps]# cd ..
[root@ip-172-31-18-20 apache-tomcat-9.0.52]# cd bin/
[root@ip-172-31-18-20 bin]# sh startup.sh
Using CATALINA_BASE:   /home/ec2-user/tomcat/apache-tomcat-9.0.52
Using CATALINA_HOME:   /home/ec2-user/tomcat/apache-tomcat-9.0.52
Using CATALINA_TMPDIR: /home/ec2-user/tomcat/apache-tomcat-9.0.52/temp
Using JRE_HOME:        /
Using CLASSPATH:       /home/ec2-user/tomcat/apache-tomcat-9.0.52/bin/bootstrap.jar:/home/ec2-user/tomcat/apache-tomcat-9.0.52/bin/tomcat-juli.jar
Using CATALINA_OPTS:
Tomcat started.
[root@ip-172-31-18-20 bin]# ls
bootstrap.jar       ciphers.sh                    daemon.sh     setclasspath.bat  startup.sh            version.bat
catalina.bat        commons-daemon.jar            digest.bat    setclasspath.sh   tomcat-juli.jar       version.sh
catalina.sh         commons-daemon-native.tar.gz  digest.sh     shutdown.bat      tomcat-native.tar.gz
catalina-tasks.xml  configtest.bat                makebase.bat  shutdown.sh       tool-wrapper.bat
ciphers.bat         configtest.sh                 makebase.sh   startup.bat       tool-wrapper.sh
[root@ip-172-31-18-20 bin]# cd ..
[root@ip-172-31-18-20 apache-tomcat-9.0.52]# ls
bin  BUILDING.txt  conf  CONTRIBUTING.md  lib  LICENSE  logs  NOTICE  README.md  RELEASE-NOTES  RUNNING.txt  temp  webapp  webapps  work
[root@ip-172-31-18-20 apache-tomcat-9.0.52]# cd webapp
[root@ip-172-31-18-20 webapp]# ls
[root@ip-172-31-18-20 webapp]# cd ..
[root@ip-172-31-18-20 apache-tomcat-9.0.52]# ls
bin  BUILDING.txt  conf  CONTRIBUTING.md  lib  LICENSE  logs  NOTICE  README.md  RELEASE-NOTES  RUNNING.txt  temp  webapp  webapps  work
[root@ip-172-31-18-20 apache-tomcat-9.0.52]# cd webapps
[root@ip-172-31-18-20 webapps]# ls
docs  examples  host-manager  index.html  jigar  manager  ROOT  WEB-INF
[root@ip-172-31-18-20 webapps]# cd jigar
[root@ip-172-31-18-20 jigar]# ls
index.html
[root@ip-172-31-18-20 jigar]# vim index.html
[root@ip-172-31-18-20 jigar]# cat index.html
<html>
<head>
        <title> demo</title>
</head>
<body>
hello
</body>
</html>
[root@ip-172-31-18-20 jigar]# cd ..
[root@ip-172-31-18-20 webapps]# ls
docs  examples  host-manager  index.html  jigar  manager  ROOT  WEB-INF
[root@ip-172-31-18-20 webapps]# cd ..
[root@ip-172-31-18-20 apache-tomcat-9.0.52]# ls
bin  BUILDING.txt  conf  CONTRIBUTING.md  lib  LICENSE  logs  NOTICE  README.md  RELEASE-NOTES  RUNNING.txt  temp  webapp  webapps  work
[root@ip-172-31-18-20 apache-tomcat-9.0.52]# cd bin
[root@ip-172-31-18-20 bin]# ls
bootstrap.jar       ciphers.sh                    daemon.sh     setclasspath.bat  startup.sh            version.bat
catalina.bat        commons-daemon.jar            digest.bat    setclasspath.sh   tomcat-juli.jar       version.sh
catalina.sh         commons-daemon-native.tar.gz  digest.sh     shutdown.bat      tomcat-native.tar.gz
catalina-tasks.xml  configtest.bat                makebase.bat  shutdown.sh       tool-wrapper.bat
ciphers.bat         configtest.sh                 makebase.sh   startup.bat       tool-wrapper.sh
[root@ip-172-31-18-20 bin]# sh startup.sh
Using CATALINA_BASE:   /home/ec2-user/tomcat/apache-tomcat-9.0.52
Using CATALINA_HOME:   /home/ec2-user/tomcat/apache-tomcat-9.0.52
Using CATALINA_TMPDIR: /home/ec2-user/tomcat/apache-tomcat-9.0.52/temp
Using JRE_HOME:        /
Using CLASSPATH:       /home/ec2-user/tomcat/apache-tomcat-9.0.52/bin/bootstrap.jar:/home/ec2-user/tomcat/apache-tomcat-9.0.52/bin/tomcat-juli.jar
Using CATALINA_OPTS:
Tomcat started.
[root@ip-172-31-18-20 bin]# ^C
[root@ip-172-31-18-20 bin]# ^C
[root@ip-172-31-18-20 bin]#
